Archive member included to satisfy reference by file (symbol)

c:/ac6/systemworkbench/plugins/fr.ac6.mcu.externaltools.arm-none.win32_1.17.0.201812190825/tools/compiler/bin/../lib/gcc/arm-none-eabi/7.3.1/thumb/v7e-m/fpv4-sp/hard\libgcc.a(_aeabi_uldivmod.o)
                              Drivers/STM32F4xx_HAL_Driver/Src/stm32f4xx_hal_rcc.o (__aeabi_uldivmod)
c:/ac6/systemworkbench/plugins/fr.ac6.mcu.externaltools.arm-none.win32_1.17.0.201812190825/tools/compiler/bin/../lib/gcc/arm-none-eabi/7.3.1/thumb/v7e-m/fpv4-sp/hard\libgcc.a(_udivmoddi4.o)
                              c:/ac6/systemworkbench/plugins/fr.ac6.mcu.externaltools.arm-none.win32_1.17.0.201812190825/tools/compiler/bin/../lib/gcc/arm-none-eabi/7.3.1/thumb/v7e-m/fpv4-sp/hard\libgcc.a(_aeabi_uldivmod.o) (__udivmoddi4)
c:/ac6/systemworkbench/plugins/fr.ac6.mcu.externaltools.arm-none.win32_1.17.0.201812190825/tools/compiler/bin/../lib/gcc/arm-none-eabi/7.3.1/thumb/v7e-m/fpv4-sp/hard\libgcc.a(_dvmd_tls.o)
                              c:/ac6/systemworkbench/plugins/fr.ac6.mcu.externaltools.arm-none.win32_1.17.0.201812190825/tools/compiler/bin/../lib/gcc/arm-none-eabi/7.3.1/thumb/v7e-m/fpv4-sp/hard\libgcc.a(_aeabi_uldivmod.o) (__aeabi_ldiv0)
c:/ac6/systemworkbench/plugins/fr.ac6.mcu.externaltools.arm-none.win32_1.17.0.201812190825/tools/compiler/bin/../lib/gcc/arm-none-eabi/7.3.1/../../../../arm-none-eabi/lib/thumb/v7e-m/fpv4-sp/hard\libc_nano.a(lib_a-errno.o)
                              Core/Src/syscalls.o (__errno)
c:/ac6/systemworkbench/plugins/fr.ac6.mcu.externaltools.arm-none.win32_1.17.0.201812190825/tools/compiler/bin/../lib/gcc/arm-none-eabi/7.3.1/../../../../arm-none-eabi/lib/thumb/v7e-m/fpv4-sp/hard\libc_nano.a(lib_a-exit.o)
                              c:/ac6/systemworkbench/plugins/fr.ac6.mcu.externaltools.arm-none.win32_1.17.0.201812190825/tools/compiler/bin/../lib/gcc/arm-none-eabi/7.3.1/../../../../arm-none-eabi/lib/thumb/v7e-m/fpv4-sp/hard/crt0.o (exit)
c:/ac6/systemworkbench/plugins/fr.ac6.mcu.externaltools.arm-none.win32_1.17.0.201812190825/tools/compiler/bin/../lib/gcc/arm-none-eabi/7.3.1/../../../../arm-none-eabi/lib/thumb/v7e-m/fpv4-sp/hard\libc_nano.a(lib_a-impure.o)
                              c:/ac6/systemworkbench/plugins/fr.ac6.mcu.externaltools.arm-none.win32_1.17.0.201812190825/tools/compiler/bin/../lib/gcc/arm-none-eabi/7.3.1/../../../../arm-none-eabi/lib/thumb/v7e-m/fpv4-sp/hard\libc_nano.a(lib_a-exit.o) (_global_impure_ptr)
c:/ac6/systemworkbench/plugins/fr.ac6.mcu.externaltools.arm-none.win32_1.17.0.201812190825/tools/compiler/bin/../lib/gcc/arm-none-eabi/7.3.1/../../../../arm-none-eabi/lib/thumb/v7e-m/fpv4-sp/hard\libc_nano.a(lib_a-init.o)
                              c:/ac6/systemworkbench/plugins/fr.ac6.mcu.externaltools.arm-none.win32_1.17.0.201812190825/tools/compiler/bin/../lib/gcc/arm-none-eabi/7.3.1/../../../../arm-none-eabi/lib/thumb/v7e-m/fpv4-sp/hard/crt0.o (__libc_init_array)
c:/ac6/systemworkbench/plugins/fr.ac6.mcu.externaltools.arm-none.win32_1.17.0.201812190825/tools/compiler/bin/../lib/gcc/arm-none-eabi/7.3.1/../../../../arm-none-eabi/lib/thumb/v7e-m/fpv4-sp/hard\libc_nano.a(lib_a-memset.o)
                              c:/ac6/systemworkbench/plugins/fr.ac6.mcu.externaltools.arm-none.win32_1.17.0.201812190825/tools/compiler/bin/../lib/gcc/arm-none-eabi/7.3.1/../../../../arm-none-eabi/lib/thumb/v7e-m/fpv4-sp/hard/crt0.o (memset)
c:/ac6/systemworkbench/plugins/fr.ac6.mcu.externaltools.arm-none.win32_1.17.0.201812190825/tools/compiler/bin/../lib/gcc/arm-none-eabi/7.3.1/../../../../arm-none-eabi/lib/thumb/v7e-m/fpv4-sp/hard\libc_nano.a(lib_a-sprintf.o)
                              Core/Src/main.o (sprintf)
c:/ac6/systemworkbench/plugins/fr.ac6.mcu.externaltools.arm-none.win32_1.17.0.201812190825/tools/compiler/bin/../lib/gcc/arm-none-eabi/7.3.1/../../../../arm-none-eabi/lib/thumb/v7e-m/fpv4-sp/hard\libc_nano.a(lib_a-strlen.o)
                              Custom_Libs/Src/Debug.o (strlen)
c:/ac6/systemworkbench/plugins/fr.ac6.mcu.externaltools.arm-none.win32_1.17.0.201812190825/tools/compiler/bin/../lib/gcc/arm-none-eabi/7.3.1/../../../../arm-none-eabi/lib/thumb/v7e-m/fpv4-sp/hard\libc_nano.a(lib_a-vsnprintf.o)
                              Custom_Libs/Src/Debug.o (vsnprintf)
c:/ac6/systemworkbench/plugins/fr.ac6.mcu.externaltools.arm-none.win32_1.17.0.201812190825/tools/compiler/bin/../lib/gcc/arm-none-eabi/7.3.1/../../../../arm-none-eabi/lib/thumb/v7e-m/fpv4-sp/hard\libc_nano.a(lib_a-nano-svfprintf.o)
                              c:/ac6/systemworkbench/plugins/fr.ac6.mcu.externaltools.arm-none.win32_1.17.0.201812190825/tools/compiler/bin/../lib/gcc/arm-none-eabi/7.3.1/../../../../arm-none-eabi/lib/thumb/v7e-m/fpv4-sp/hard\libc_nano.a(lib_a-sprintf.o) (_svfprintf_r)
c:/ac6/systemworkbench/plugins/fr.ac6.mcu.externaltools.arm-none.win32_1.17.0.201812190825/tools/compiler/bin/../lib/gcc/arm-none-eabi/7.3.1/../../../../arm-none-eabi/lib/thumb/v7e-m/fpv4-sp/hard\libc_nano.a(lib_a-nano-vfprintf_i.o)
[...]
Memory Configuration

Name             Origin             Length             Attributes
RAM              0x20000000         0x00050000         xrw
FLASH            0x08000000         0x00180000         xr
*default*        0x00000000         0xffffffff

Linker script and memory map

LOAD c:/ac6/systemworkbench/plugins/fr.ac6.mcu.externaltools.arm-none.win32_1.17.0.201812190825/tools/compiler/bin/../lib/gcc/arm-none-eabi/7.3.1/thumb/v7e-m/fpv4-sp/hard/crti.o
LOAD c:/ac6/systemworkbench/plugins/fr.ac6.mcu.externaltools.arm-none.win32_1.17.0.201812190825/tools/compiler/bin/../lib/gcc/arm-none-eabi/7.3.1/thumb/v7e-m/fpv4-sp/hard/crtbegin.o
LOAD c:/ac6/systemworkbench/plugins/fr.ac6.mcu.externaltools.arm-none.win32_1.17.0.201812190825/tools/compiler/bin/../lib/gcc/arm-none-eabi/7.3.1/../../../../arm-none-eabi/lib/thumb/v7e-m/fpv4-sp/hard/crt0.o
LOAD Core/Src/adc.o
LOAD Core/Src/can.o
LOAD Core/Src/gpio.o
LOAD Core/Src/main.o
LOAD Core/Src/stm32f4xx_hal_msp.o
LOAD Core/Src/stm32f4xx_it.o
LOAD Core/Src/syscalls.o
LOAD Core/Src/system_stm32f4xx.o
LOAD Core/Src/tim.o
LOAD Core/Src/usart.o
LOAD Core/Src/usb_otg.o
LOAD Custom_Libs/Src/CAN_Application.o
LOAD Custom_Libs/Src/CAN_Driver.o
LOAD Custom_Libs/Src/Debug.o
LOAD Drivers/STM32F4xx_HAL_Driver/Src/stm32f4xx_hal.o
LOAD Drivers/STM32F4xx_HAL_Driver/Src/stm32f4xx_hal_adc.o
LOAD Drivers/STM32F4xx_HAL_Driver/Src/stm32f4xx_hal_adc_ex.o
LOAD Drivers/STM32F4xx_HAL_Driver/Src/stm32f4xx_hal_can.o
LOAD Drivers/STM32F4xx_HAL_Driver/Src/stm32f4xx_hal_cortex.o
LOAD Drivers/STM32F4xx_HAL_Driver/Src/stm32f4xx_hal_dma.o
LOAD Drivers/STM32F4xx_HAL_Driver/Src/stm32f4xx_hal_dma_ex.o
LOAD Drivers/STM32F4xx_HAL_Driver/Src/stm32f4xx_hal_exti.o
LOAD Drivers/STM32F4xx_HAL_Driver/Src/stm32f4xx_hal_flash.o
LOAD Drivers/STM32F4xx_HAL_Driver/Src/stm32f4xx_hal_flash_ex.o
LOAD Drivers/STM32F4xx_HAL_Driver/Src/stm32f4xx_hal_flash_ramfunc.o
LOAD Drivers/STM32F4xx_HAL_Driver/Src/stm32f4xx_hal_gpio.o
LOAD Drivers/STM32F4xx_HAL_Driver/Src/stm32f4xx_hal_pcd.o
LOAD Drivers/STM32F4xx_HAL_Driver/Src/stm32f4xx_hal_pcd_ex.o
LOAD Drivers/STM32F4xx_HAL_Driver/Src/stm32f4xx_hal_pwr.o
LOAD Drivers/STM32F4xx_HAL_Driver/Src/stm32f4xx_hal_pwr_ex.o
LOAD Drivers/STM32F4xx_HAL_Driver/Src/stm32f4xx_hal_rcc.o
LOAD Drivers/STM32F4xx_HAL_Driver/Src/stm32f4xx_hal_rcc_ex.o
LOAD Drivers/STM32F4xx_HAL_Driver/Src/stm32f4xx_hal_tim.o
LOAD Drivers/STM32F4xx_HAL_Driver/Src/stm32f4xx_hal_tim_ex.o
LOAD Drivers/STM32F4xx_HAL_Driver/Src/stm32f4xx_hal_uart.o
LOAD Drivers/STM32F4xx_HAL_Driver/Src/stm32f4xx_ll_usb.o
LOAD startup/startup_stm32f413xx.o
LOAD c:/ac6/systemworkbench/plugins/fr.ac6.mcu.externaltools.arm-none.win32_1.17.0.201812190825/tools/compiler/bin/../lib/gcc/arm-none-eabi/7.3.1/../../../../arm-none-eabi/lib/thumb/v7e-m/fpv4-sp/hard\libm.a
START GROUP
LOAD c:/ac6/systemworkbench/plugins/fr.ac6.mcu.externaltools.arm-none.win32_1.17.0.201812190825/tools/compiler/bin/../lib/gcc/arm-none-eabi/7.3.1/thumb/v7e-m/fpv4-sp/hard\libgcc.a
LOAD c:/ac6/systemworkbench/plugins/fr.ac6.mcu.externaltools.arm-none.win32_1.17.0.201812190825/tools/compiler/bin/../lib/gcc/arm-none-eabi/7.3.1/../../../../arm-none-eabi/lib/thumb/v7e-m/fpv4-sp/hard\libc_nano.a
END GROUP
START GROUP
LOAD c:/ac6/systemworkbench/plugins/fr.ac6.mcu.externaltools.arm-none.win32_1.17.0.201812190825/tools/compiler/bin/../lib/gcc/arm-none-eabi/7.3.1/thumb/v7e-m/fpv4-sp/hard\libgcc.a
LOAD c:/ac6/systemworkbench/plugins/fr.ac6.mcu.externaltools.arm-none.win32_1.17.0.201812190825/tools/compiler/bin/../lib/gcc/arm-none-eabi/7.3.1/../../../../arm-none-eabi/lib/thumb/v7e-m/fpv4-sp/hard\libc_nano.a
LOAD c:/ac6/systemworkbench/plugins/fr.ac6.mcu.externaltools.arm-none.win32_1.17.0.201812190825/tools/compiler/bin/../lib/gcc/arm-none-eabi/7.3.1/../../../../arm-none-eabi/lib/thumb/v7e-m/fpv4-sp/hard\libnosys.a
END GROUP
START GROUP
LOAD c:/ac6/systemworkbench/plugins/fr.ac6.mcu.externaltools.arm-none.win32_1.17.0.201812190825/tools/compiler/bin/../lib/gcc/arm-none-eabi/7.3.1/thumb/v7e-m/fpv4-sp/hard\libgcc.a
LOAD c:/ac6/systemworkbench/plugins/fr.ac6.mcu.externaltools.arm-none.win32_1.17.0.201812190825/tools/compiler/bin/../lib/gcc/arm-none-eabi/7.3.1/../../../../arm-none-eabi/lib/thumb/v7e-m/fpv4-sp/hard\libc_nano.a
LOAD c:/ac6/systemworkbench/plugins/fr.ac6.mcu.externaltools.arm-none.win32_1.17.0.201812190825/tools/compiler/bin/../lib/gcc/arm-none-eabi/7.3.1/../../../../arm-none-eabi/lib/thumb/v7e-m/fpv4-sp/hard\libnosys.a
END GROUP
LOAD c:/ac6/systemworkbench/plugins/fr.ac6.mcu.externaltools.arm-none.win32_1.17.0.201812190825/tools/compiler/bin/../lib/gcc/arm-none-eabi/7.3.1/thumb/v7e-m/fpv4-sp/hard/crtend.o
LOAD c:/ac6/systemworkbench/plugins/fr.ac6.mcu.externaltools.arm-none.win32_1.17.0.201812190825/tools/compiler/bin/../lib/gcc/arm-none-eabi/7.3.1/thumb/v7e-m/fpv4-sp/hard/crtn.o
                0x20050000                _estack = 0x20050000
                0x00000200                _Min_Heap_Size = 0x200
                0x00000400                _Min_Stack_Size = 0x400

.isr_vector     0x08000000      0x1d8
                0x08000000                . = ALIGN (0x4)
 *(.isr_vector)
 .isr_vector    0x08000000      0x1d8 startup/startup_stm32f413xx.o
                0x08000000                g_pfnVectors
                0x080001d8                . = ALIGN (0x4)

.text           0x080001e0     0x6904
                0x080001e0                . = ALIGN (0x4)
 *(.text)
 .text          0x080001e0       0x40 c:/ac6/systemworkbench/plugins/fr.ac6.mcu.externaltools.arm-none.win32_1.17.0.201812190825/tools/compiler/bin/../lib/gcc/arm-none-eabi/7.3.1/thumb/v7e-m/fpv4-sp/hard/crtbegin.o
 .text          0x08000220       0x30 c:/ac6/systemworkbench/plugins/fr.ac6.mcu.externaltools.arm-none.win32_1.17.0.201812190825/tools/compiler/bin/../lib/gcc/arm-none-eabi/7.3.1/thumb/v7e-m/fpv4-sp/hard\libgcc.a(_aeabi_uldivmod.o)
                0x08000220                __aeabi_uldivmod
 .text          0x08000250      0x2cc c:/ac6/systemworkbench/plugins/fr.ac6.mcu.externaltools.arm-none.win32_1.17.0.201812190825/tools/compiler/bin/../lib/gcc/arm-none-eabi/7.3.1/thumb/v7e-m/fpv4-sp/hard\libgcc.a(_udivmoddi4.o)
                0x08000250                __udivmoddi4
 .text          0x0800051c        0x4 c:/ac6/systemworkbench/plugins/fr.ac6.mcu.externaltools.arm-none.win32_1.17.0.201812190825/tools/compiler/bin/../lib/gcc/arm-none-eabi/7.3.1/thumb/v7e-m/fpv4-sp/hard\libgcc.a(_dvmd_tls.o)
                0x0800051c                __aeabi_idiv0
                0x0800051c                __aeabi_ldiv0
 .text          0x08000520       0x10 c:/ac6/systemworkbench/plugins/fr.ac6.mcu.externaltools.arm-none.win32_1.17.0.201812190825/tools/compiler/bin/../lib/gcc/arm-none-eabi/7.3.1/../../../../arm-none-eabi/lib/thumb/v7e-m/fpv4-sp/hard\libc_nano.a(lib_a-strlen.o)
                0x08000520                strlen
 .text          0x08000530       0xa0 c:/ac6/systemworkbench/plugins/fr.ac6.mcu.externaltools.arm-none.win32_1.17.0.201812190825/tools/compiler/bin/../lib/gcc/arm-none-eabi/7.3.1/../../../../arm-none-eabi/lib/thumb/v7e-m/fpv4-sp/hard\libc_nano.a(lib_a-memchr.o)
                0x08000530                memchr
 *(.text*)
 .text.MX_ADC1_Init
                0x080005d0      0x1e4 Core/Src/adc.o
                0x080005d0                MX_ADC1_Init
 .text.HAL_ADC_MspInit
                0x080007b4       0x78 Core/Src/adc.o
                0x080007b4                HAL_ADC_MspInit
 .text.MX_CAN1_Init
                0x0800082c       0x40 Core/Src/can.o
                0x0800082c                MX_CAN1_Init
 .text.HAL_CAN_MspInit
                0x0800086c       0x7c Core/Src/can.o
                0x0800086c                HAL_CAN_MspInit
 .text.MX_GPIO_Init
                0x080008e8      0x2b0 Core/Src/gpio.o
                0x080008e8                MX_GPIO_Init
 .text.HAL_GPIO_EXTI_Callback
                0x08000b98       0x5c Core/Src/main.o
                0x08000b98                HAL_GPIO_EXTI_Callback
 .text.Error_Handler
                0x08000bf4        0x4 Core/Src/main.o
                0x08000bf4                Error_Handler
 .text.SystemClock_Config
                0x08000bf8       0xc4 Core/Src/main.o
                0x08000bf8                SystemClock_Config
 .text.main     0x08000cbc      0x194 Core/Src/main.o
                0x08000cbc                main
 .text.assert_failed
                0x08000e50        0x2 Core/Src/main.o
                0x08000e50                assert_failed
 *fill*         0x08000e52        0x2 
 .text.HAL_MspInit
                0x08000e54       0x48 Core/Src/stm32f4xx_hal_msp.o
                0x08000e54                HAL_MspInit
 .text.NMI_Handler
                0x08000e9c        0x2 Core/Src/stm32f4xx_it.o
                0x08000e9c                NMI_Handler
 .text.HardFault_Handler
                0x08000e9e        0x2 Core/Src/stm32f4xx_it.o
                0x08000e9e                HardFault_Handler
 .text.MemManage_Handler
                0x08000ea0        0x2 Core/Src/stm32f4xx_it.o
                0x08000ea0                MemManage_Handler
 .text.BusFault_Handler
                0x08000ea2        0x2 Core/Src/stm32f4xx_it.o
                0x08000ea2                BusFault_Handler
 .text.UsageFault_Handler
                0x08000ea4        0x2 Core/Src/stm32f4xx_it.o
                0x08000ea4                UsageFault_Handler
 .text.SVC_Handler
                0x08000ea6        0x2 Core/Src/stm32f4xx_it.o
                0x08000ea6                SVC_Handler
 .text.DebugMon_Handler
                0x08000ea8        0x2 Core/Src/stm32f4xx_it.o
                0x08000ea8                DebugMon_Handler
 .text.PendSV_Handler
                0x08000eaa        0x2 Core/Src/stm32f4xx_it.o
                0x08000eaa                PendSV_Handler
 .text.SysTick_Handler
                0x08000eac        0x8 Core/Src/stm32f4xx_it.o
                0x08000eac                SysTick_Handler
 .text.RCC_IRQHandler
                0x08000eb4        0x2 Core/Src/stm32f4xx_it.o
                0x08000eb4                RCC_IRQHandler
 .text.EXTI1_IRQHandler
                0x08000eb6        0xa Core/Src/stm32f4xx_it.o
                0x08000eb6                EXTI1_IRQHandler
 .text.EXTI4_IRQHandler
                0x08000ec0        0xa Core/Src/stm32f4xx_it.o
                0x08000ec0                EXTI4_IRQHandler
 *fill*         0x08000eca        0x2 
 .text.ADC_IRQHandler
                0x08000ecc       0x10 Core/Src/stm32f4xx_it.o
                0x08000ecc                ADC_IRQHandler
 .text.CAN1_RX0_IRQHandler
                0x08000edc       0x10 Core/Src/stm32f4xx_it.o
                0x08000edc                CAN1_RX0_IRQHandler
 .text.EXTI9_5_IRQHandler
                0x08000eec        0xa Core/Src/stm32f4xx_it.o
                0x08000eec                EXTI9_5_IRQHandler
 *fill*         0x08000ef6        0x2 
 .text.TIM2_IRQHandler
                0x08000ef8       0x10 Core/Src/stm32f4xx_it.o
                0x08000ef8                TIM2_IRQHandler
 .text.EXTI15_10_IRQHandler
                0x08000f08       0x14 Core/Src/stm32f4xx_it.o
                0x08000f08                EXTI15_10_IRQHandler
 .text.UART10_IRQHandler
                0x08000f1c       0x10 Core/Src/stm32f4xx_it.o
                0x08000f1c                UART10_IRQHandler
 .text._sbrk    0x08000f2c       0x3c Core/Src/syscalls.o
                0x08000f2c                _sbrk
 .text.SystemInit
                0x08000f68       0x1c Core/Src/system_stm32f4xx.o
                0x08000f68                SystemInit
 .text.MX_TIM3_Init
                0x08000f84       0x78 Core/Src/tim.o
                0x08000f84                MX_TIM3_Init
 .text.HAL_TIM_Base_MspInit
                0x08000ffc       0x64 Core/Src/tim.o
                0x08000ffc                HAL_TIM_Base_MspInit
 .text.HAL_TIM_OC_MspInit
                0x08001060       0x30 Core/Src/tim.o
                0x08001060                HAL_TIM_OC_MspInit
 .text.HAL_TIM_MspPostInit
                0x08001090       0x94 Core/Src/tim.o
                0x08001090                HAL_TIM_MspPostInit
 .text.MX_TIM1_Init
                0x08001124       0xe8 Core/Src/tim.o
                0x08001124                MX_TIM1_Init
 .text.MX_TIM2_Init
                0x0800120c       0xac Core/Src/tim.o
                0x0800120c                MX_TIM2_Init
 .text.MX_UART10_Init
                0x080012b8       0x34 Core/Src/usart.o
                0x080012b8                MX_UART10_Init
 .text.MX_USART3_UART_Init
                0x080012ec       0x34 Core/Src/usart.o
                0x080012ec                MX_USART3_UART_Init
 .text.HAL_UART_MspInit
                0x08001320       0xdc Core/Src/usart.o
                0x08001320                HAL_UART_MspInit
 .text.MX_USB_OTG_FS_PCD_Init
                0x080013fc       0x38 Core/Src/usb_otg.o
                0x080013fc                MX_USB_OTG_FS_PCD_Init
 .text.HAL_PCD_MspInit
                0x08001434       0x88 Core/Src/usb_otg.o
                0x08001434                HAL_PCD_MspInit
 .text.CANSetup
                0x080014bc       0x34 Custom_Libs/Src/CAN_Application.o
                0x080014bc                CANSetup
 .text.Transmit_CANID
                0x080014f0       0x38 Custom_Libs/Src/CAN_Driver.o
                0x080014f0                Transmit_CANID
 .text.CAN_Filter_IDList
                0x08001528       0x68 Custom_Libs/Src/CAN_Driver.o
                0x08001528                CAN_Filter_IDList
 .text.HAL_CAN_RxFifo0MsgPendingCallback
                0x08001590       0x5c Custom_Libs/Src/CAN_Driver.o
                0x08001590                HAL_CAN_RxFifo0MsgPendingCallback
 .text.DebugPrint
                0x080015ec       0x40 Custom_Libs/Src/Debug.o
                0x080015ec                DebugPrint
 .text.HAL_InitTick
                0x0800162c       0x48 Drivers/STM32F4xx_HAL_Driver/Src/stm32f4xx_hal.o
                0x0800162c                HAL_InitTick
 .text.HAL_Init
                0x08001674       0x34 Drivers/STM32F4xx_HAL_Driver/Src/stm32f4xx_hal.o
                0x08001674                HAL_Init
 .text.HAL_IncTick
                0x080016a8       0x18 Drivers/STM32F4xx_HAL_Driver/Src/stm32f4xx_hal.o
                0x080016a8                HAL_IncTick
 .text.HAL_GetTick
                0x080016c0        0xc Drivers/STM32F4xx_HAL_Driver/Src/stm32f4xx_hal.o
                0x080016c0                HAL_GetTick
 .text.HAL_Delay
                0x080016cc       0x28 Drivers/STM32F4xx_HAL_Driver/Src/stm32f4xx_hal.o
                0x080016cc                HAL_Delay
 .text.ADC_Init
                0x080016f4      0x150 Drivers/STM32F4xx_HAL_Driver/Src/stm32f4xx_hal_adc.o
 .text.HAL_ADC_Init
                0x08001844      0x1e4 Drivers/STM32F4xx_HAL_Driver/Src/stm32f4xx_hal_adc.o
                0x08001844                HAL_ADC_Init
 .text.HAL_ADC_Start
                0x08001a28      0x134 Drivers/STM32F4xx_HAL_Driver/Src/stm32f4xx_hal_adc.o
                0x08001a28                HAL_ADC_Start
 .text.HAL_ADC_PollForConversion
                0x08001b5c       0xb6 Drivers/STM32F4xx_HAL_Driver/Src/stm32f4xx_hal_adc.o
                0x08001b5c                HAL_ADC_PollForConversion
 .text.HAL_ADC_GetValue
                0x08001c12        0x6 Drivers/STM32F4xx_HAL_Driver/Src/stm32f4xx_hal_adc.o
                0x08001c12                HAL_ADC_GetValue
 .text.HAL_ADC_ConvCpltCallback
                0x08001c18        0x2 Drivers/STM32F4xx_HAL_Driver/Src/stm32f4xx_hal_adc.o
                0x08001c18                HAL_ADC_ConvCpltCallback
 .text.HAL_ADC_LevelOutOfWindowCallback
                0x08001c1a        0x2 Drivers/STM32F4xx_HAL_Driver/Src/stm32f4xx_hal_adc.o
                0x08001c1a                HAL_ADC_LevelOutOfWindowCallback
 .text.HAL_ADC_ErrorCallback
                0x08001c1c        0x2 Drivers/STM32F4xx_HAL_Driver/Src/stm32f4xx_hal_adc.o
                0x08001c1c                HAL_ADC_ErrorCallback
 *fill*         0x08001c1e        0x2 
 .text.HAL_ADC_IRQHandler
                0x08001c20      0x190 Drivers/STM32F4xx_HAL_Driver/Src/stm32f4xx_hal_adc.o
                0x08001c20                HAL_ADC_IRQHandler
 .text.HAL_ADC_ConfigChannel
                0x08001db0      0x1e0 Drivers/STM32F4xx_HAL_Driver/Src/stm32f4xx_hal_adc.o
                0x08001db0                HAL_ADC_ConfigChannel
 .text.HAL_ADCEx_InjectedConvCpltCallback
                0x08001f90        0x2 Drivers/STM32F4xx_HAL_Driver/Src/stm32f4xx_hal_adc_ex.o
                0x08001f90                HAL_ADCEx_InjectedConvCpltCallback
 *fill*         0x08001f92        0x2 
 .text.HAL_ADCEx_InjectedConfigChannel
                0x08001f94      0x384 Drivers/STM32F4xx_HAL_Driver/Src/stm32f4xx_hal_adc_ex.o
                0x08001f94                HAL_ADCEx_InjectedConfigChannel
 .text.HAL_CAN_Init
                0x08002318      0x2f4 Drivers/STM32F4xx_HAL_Driver/Src/stm32f4xx_hal_can.o
                0x08002318                HAL_CAN_Init
 .text.HAL_CAN_ConfigFilter
                0x0800260c      0x220 Drivers/STM32F4xx_HAL_Driver/Src/stm32f4xx_hal_can.o
                0x0800260c                HAL_CAN_ConfigFilter
 .text.HAL_CAN_Start
                0x0800282c       0x5c Drivers/STM32F4xx_HAL_Driver/Src/stm32f4xx_hal_can.o
                0x0800282c                HAL_CAN_Start
 .text.HAL_CAN_AddTxMessage
                0x08002888      0x184 Drivers/STM32F4xx_HAL_Driver/Src/stm32f4xx_hal_can.o
                0x08002888                HAL_CAN_AddTxMessage
 .text.HAL_CAN_GetRxMessage
                0x08002a0c      0x164 Drivers/STM32F4xx_HAL_Driver/Src/stm32f4xx_hal_can.o
                0x08002a0c                HAL_CAN_GetRxMessage
 .text.HAL_CAN_ActivateNotification
                0x08002b70       0x48 Drivers/STM32F4xx_HAL_Driver/Src/stm32f4xx_hal_can.o
                0x08002b70                HAL_CAN_ActivateNotification
 .text.HAL_CAN_TxMailbox0CompleteCallback
                0x08002bb8        0x2 Drivers/STM32F4xx_HAL_Driver/Src/stm32f4xx_hal_can.o
                0x08002bb8                HAL_CAN_TxMailbox0CompleteCallback
 .text.HAL_CAN_TxMailbox1CompleteCallback
                0x08002bba        0x2 Drivers/STM32F4xx_HAL_Driver/Src/stm32f4xx_hal_can.o
                0x08002bba                HAL_CAN_TxMailbox1CompleteCallback
 .text.HAL_CAN_TxMailbox2CompleteCallback
                0x08002bbc        0x2 Drivers/STM32F4xx_HAL_Driver/Src/stm32f4xx_hal_can.o
                0x08002bbc                HAL_CAN_TxMailbox2CompleteCallback
 .text.HAL_CAN_TxMailbox0AbortCallback
                0x08002bbe        0x2 Drivers/STM32F4xx_HAL_Driver/Src/stm32f4xx_hal_can.o
                0x08002bbe                HAL_CAN_TxMailbox0AbortCallback
 .text.HAL_CAN_TxMailbox1AbortCallback
                0x08002bc0        0x2 Drivers/STM32F4xx_HAL_Driver/Src/stm32f4xx_hal_can.o
                0x08002bc0                HAL_CAN_TxMailbox1AbortCallback
 .text.HAL_CAN_TxMailbox2AbortCallback
                0x08002bc2        0x2 Drivers/STM32F4xx_HAL_Driver/Src/stm32f4xx_hal_can.o
                0x08002bc2                HAL_CAN_TxMailbox2AbortCallback
 .text.HAL_CAN_RxFifo0FullCallback
                0x08002bc4        0x2 Drivers/STM32F4xx_HAL_Driver/Src/stm32f4xx_hal_can.o
                0x08002bc4                HAL_CAN_RxFifo0FullCallback
 .text.HAL_CAN_RxFifo1MsgPendingCallback
                0x08002bc6        0x2 Drivers/STM32F4xx_HAL_Driver/Src/stm32f4xx_hal_can.o
                0x08002bc6                HAL_CAN_RxFifo1MsgPendingCallback
 .text.HAL_CAN_RxFifo1FullCallback
                0x08002bc8        0x2 Drivers/STM32F4xx_HAL_Driver/Src/stm32f4xx_hal_can.o
                0x08002bc8                HAL_CAN_RxFifo1FullCallback
 .text.HAL_CAN_SleepCallback
                0x08002bca        0x2 Drivers/STM32F4xx_HAL_Driver/Src/stm32f4xx_hal_can.o
                0x08002bca                HAL_CAN_SleepCallback
 .text.HAL_CAN_WakeUpFromRxMsgCallback
                0x08002bcc        0x2 Drivers/STM32F4xx_HAL_Driver/Src/stm32f4xx_hal_can.o
                0x08002bcc                HAL_CAN_WakeUpFromRxMsgCallback
 .text.HAL_CAN_ErrorCallback
                0x08002bce        0x2 Drivers/STM32F4xx_HAL_Driver/Src/stm32f4xx_hal_can.o
                0x08002bce                HAL_CAN_ErrorCallback
 .text.HAL_CAN_IRQHandler
                0x08002bd0      0x258 Drivers/STM32F4xx_HAL_Driver/Src/stm32f4xx_hal_can.o
                0x08002bd0                HAL_CAN_IRQHandler
 .text.HAL_NVIC_SetPriorityGrouping
                0x08002e28       0x3c Drivers/STM32F4xx_HAL_Driver/Src/stm32f4xx_hal_cortex.o
                0x08002e28                HAL_NVIC_SetPriorityGrouping
 .text.HAL_NVIC_SetPriority
                0x08002e64       0x8c Drivers/STM32F4xx_HAL_Driver/Src/stm32f4xx_hal_cortex.o
                0x08002e64                HAL_NVIC_SetPriority
 .text.HAL_NVIC_EnableIRQ
                0x08002ef0       0x30 Drivers/STM32F4xx_HAL_Driver/Src/stm32f4xx_hal_cortex.o
                0x08002ef0                HAL_NVIC_EnableIRQ
 .text.HAL_SYSTICK_Config
                0x08002f20       0x2c Drivers/STM32F4xx_HAL_Driver/Src/stm32f4xx_hal_cortex.o
                0x08002f20                HAL_SYSTICK_Config
 .text.HAL_DMA_Abort_IT
                0x08002f4c       0x26 Drivers/STM32F4xx_HAL_Driver/Src/stm32f4xx_hal_dma.o
                0x08002f4c                HAL_DMA_Abort_IT
 *fill*         0x08002f72        0x2 
 .text.HAL_GPIO_Init
                0x08002f74      0x2ac Drivers/STM32F4xx_HAL_Driver/Src/stm32f4xx_hal_gpio.o
                0x08002f74                HAL_GPIO_Init
 .text.HAL_GPIO_ReadPin
                0x08003220       0x28 Drivers/STM32F4xx_HAL_Driver/Src/stm32f4xx_hal_gpio.o
                0x08003220                HAL_GPIO_ReadPin
 .text.HAL_GPIO_WritePin
                0x08003248       0x38 Drivers/STM32F4xx_HAL_Driver/Src/stm32f4xx_hal_gpio.o
                0x08003248                HAL_GPIO_WritePin
 .text.HAL_GPIO_EXTI_IRQHandler
                0x08003280       0x1c Drivers/STM32F4xx_HAL_Driver/Src/stm32f4xx_hal_gpio.o
                0x08003280                HAL_GPIO_EXTI_IRQHandler
 .text.HAL_PCD_Init
                0x0800329c      0x148 Drivers/STM32F4xx_HAL_Driver/Src/stm32f4xx_hal_pcd.o
                0x0800329c                HAL_PCD_Init
 .text.HAL_PCDEx_ActivateLPM
                0x080033e4       0x26 Drivers/STM32F4xx_HAL_Driver/Src/stm32f4xx_hal_pcd_ex.o
                0x080033e4                HAL_PCDEx_ActivateLPM
 *fill*         0x0800340a        0x2 
 .text.HAL_RCC_GetSysClockFreq
                0x0800340c       0xa8 Drivers/STM32F4xx_HAL_Driver/Src/stm32f4xx_hal_rcc.o
                0x0800340c                HAL_RCC_GetSysClockFreq
 .text.HAL_RCC_ClockConfig
                0x080034b4      0x21c Drivers/STM32F4xx_HAL_Driver/Src/stm32f4xx_hal_rcc.o
                0x080034b4                HAL_RCC_ClockConfig
 .text.HAL_RCC_GetHCLKFreq
                0x080036d0        0xc Drivers/STM32F4xx_HAL_Driver/Src/stm32f4xx_hal_rcc.o
                0x080036d0                HAL_RCC_GetHCLKFreq
 .text.HAL_RCC_GetPCLK1Freq
                0x080036dc       0x20 Drivers/STM32F4xx_HAL_Driver/Src/stm32f4xx_hal_rcc.o
                0x080036dc                HAL_RCC_GetPCLK1Freq
 .text.HAL_RCC_GetPCLK2Freq
                0x080036fc       0x20 Drivers/STM32F4xx_HAL_Driver/Src/stm32f4xx_hal_rcc.o
                0x080036fc                HAL_RCC_GetPCLK2Freq
 .text.HAL_RCCEx_PeriphCLKConfig
                0x0800371c      0x758 Drivers/STM32F4xx_HAL_Driver/Src/stm32f4xx_hal_rcc_ex.o
                0x0800371c                HAL_RCCEx_PeriphCLKConfig
 .text.HAL_RCC_OscConfig
                0x08003e74      0x4b8 Drivers/STM32F4xx_HAL_Driver/Src/stm32f4xx_hal_rcc_ex.o
                0x08003e74                HAL_RCC_OscConfig
 .text.TIM_TI1_ConfigInputStage
                0x0800432c       0x26 Drivers/STM32F4xx_HAL_Driver/Src/stm32f4xx_hal_tim.o
 .text.TIM_TI2_ConfigInputStage
                0x08004352       0x28 Drivers/STM32F4xx_HAL_Driver/Src/stm32f4xx_hal_tim.o
 .text.TIM_ITRx_SetConfig
                0x0800437a       0x10 Drivers/STM32F4xx_HAL_Driver/Src/stm32f4xx_hal_tim.o
 *fill*         0x0800438a        0x2 
 .text.TIM_OC1_SetConfig
                0x0800438c       0xb4 Drivers/STM32F4xx_HAL_Driver/Src/stm32f4xx_hal_tim.o
 .text.TIM_OC3_SetConfig
                0x08004440       0xbc Drivers/STM32F4xx_HAL_Driver/Src/stm32f4xx_hal_tim.o
 .text.TIM_OC4_SetConfig
                0x080044fc       0x74 Drivers/STM32F4xx_HAL_Driver/Src/stm32f4xx_hal_tim.o
 .text.HAL_TIM_PWM_MspInit
                0x08004570        0x2 Drivers/STM32F4xx_HAL_Driver/Src/stm32f4xx_hal_tim.o
                0x08004570                HAL_TIM_PWM_MspInit
 .text.HAL_TIM_PeriodElapsedCallback
                0x08004572        0x2 Drivers/STM32F4xx_HAL_Driver/Src/stm32f4xx_hal_tim.o
                0x08004572                HAL_TIM_PeriodElapsedCallback
 .text.HAL_TIM_OC_DelayElapsedCallback
                0x08004574        0x2 Drivers/STM32F4xx_HAL_Driver/Src/stm32f4xx_hal_tim.o
                0x08004574                HAL_TIM_OC_DelayElapsedCallback
 .text.HAL_TIM_IC_CaptureCallback
                0x08004576        0x2 Drivers/STM32F4xx_HAL_Driver/Src/stm32f4xx_hal_tim.o
                0x08004576                HAL_TIM_IC_CaptureCallback
 .text.HAL_TIM_PWM_PulseFinishedCallback
                0x08004578        0x2 Drivers/STM32F4xx_HAL_Driver/Src/stm32f4xx_hal_tim.o
                0x08004578                HAL_TIM_PWM_PulseFinishedCallback
 .text.HAL_TIM_TriggerCallback
                0x0800457a        0x2 Drivers/STM32F4xx_HAL_Driver/Src/stm32f4xx_hal_tim.o
                0x0800457a                HAL_TIM_TriggerCallback
 .text.HAL_TIM_IRQHandler
                0x0800457c      0x17a Drivers/STM32F4xx_HAL_Driver/Src/stm32f4xx_hal_tim.o
                0x0800457c                HAL_TIM_IRQHandler
 *fill*         0x080046f6        0x2 
 .text.TIM_Base_SetConfig
                0x080046f8       0xc8 Drivers/STM32F4xx_HAL_Driver/Src/stm32f4xx_hal_tim.o
                0x080046f8                TIM_Base_SetConfig
 .text.HAL_TIM_Base_Init
                0x080047c0      0x108 Drivers/STM32F4xx_HAL_Driver/Src/stm32f4xx_hal_tim.o
                0x080047c0                HAL_TIM_Base_Init
 .text.HAL_TIM_OC_Init
                0x080048c8      0x108 Drivers/STM32F4xx_HAL_Driver/Src/stm32f4xx_hal_tim.o
                0x080048c8                HAL_TIM_OC_Init
 .text.HAL_TIM_PWM_Init
                0x080049d0      0x108 Drivers/STM32F4xx_HAL_Driver/Src/stm32f4xx_hal_tim.o
                0x080049d0                HAL_TIM_PWM_Init
 .text.TIM_OC2_SetConfig
                0x08004ad8       0xc0 Drivers/STM32F4xx_HAL_Driver/Src/stm32f4xx_hal_tim.o
                0x08004ad8                TIM_OC2_SetConfig
 .text.HAL_TIM_OC_ConfigChannel
                0x08004b98      0x1ec Drivers/STM32F4xx_HAL_Driver/Src/stm32f4xx_hal_tim.o
                0x08004b98                HAL_TIM_OC_ConfigChannel
 .text.HAL_TIM_PWM_ConfigChannel
                0x08004d84      0x278 Drivers/STM32F4xx_HAL_Driver/Src/stm32f4xx_hal_tim.o
                0x08004d84                HAL_TIM_PWM_ConfigChannel
 .text.TIM_ETR_SetConfig
                0x08004ffc       0x18 Drivers/STM32F4xx_HAL_Driver/Src/stm32f4xx_hal_tim.o
                0x08004ffc                TIM_ETR_SetConfig
 .text.HAL_TIM_ConfigClockSource
                0x08005014      0x494 Drivers/STM32F4xx_HAL_Driver/Src/stm32f4xx_hal_tim.o
                0x08005014                HAL_TIM_ConfigClockSource
 .text.HAL_TIMEx_MasterConfigSynchronization
                0x080054a8      0x118 Drivers/STM32F4xx_HAL_Driver/Src/stm32f4xx_hal_tim_ex.o
                0x080054a8                HAL_TIMEx_MasterConfigSynchronization
 .text.HAL_TIMEx_ConfigBreakDeadTime
                0x080055c0      0x124 Drivers/STM32F4xx_HAL_Driver/Src/stm32f4xx_hal_tim_ex.o
                0x080055c0                HAL_TIMEx_ConfigBreakDeadTime
 .text.HAL_TIMEx_CommutCallback
                0x080056e4        0x2 Drivers/STM32F4xx_HAL_Driver/Src/stm32f4xx_hal_tim_ex.o
                0x080056e4                HAL_TIMEx_CommutCallback
 .text.HAL_TIMEx_BreakCallback
                0x080056e6        0x2 Drivers/STM32F4xx_HAL_Driver/Src/stm32f4xx_hal_tim_ex.o
                0x080056e6                HAL_TIMEx_BreakCallback
 .text.UART_EndRxTransfer
                0x080056e8       0x1c Drivers/STM32F4xx_HAL_Driver/Src/stm32f4xx_hal_uart.o
 .text.UART_Transmit_IT
                0x08005704       0x68 Drivers/STM32F4xx_HAL_Driver/Src/stm32f4xx_hal_uart.o
 .text.UART_SetConfig
                0x0800576c      0x2a0 Drivers/STM32F4xx_HAL_Driver/Src/stm32f4xx_hal_uart.o
 .text.UART_WaitOnFlagUntilTimeout
                0x08005a0c       0x62 Drivers/STM32F4xx_HAL_Driver/Src/stm32f4xx_hal_uart.o
 *fill*         0x08005a6e        0x2 
 .text.HAL_UART_Init
                0x08005a70      0x148 Drivers/STM32F4xx_HAL_Driver/Src/stm32f4xx_hal_uart.o
                0x08005a70                HAL_UART_Init
 .text.HAL_UART_Transmit
                0x08005bb8       0xe2 Drivers/STM32F4xx_HAL_Driver/Src/stm32f4xx_hal_uart.o
                0x08005bb8                HAL_UART_Transmit
 .text.HAL_UART_TxCpltCallback
                0x08005c9a        0x2 Drivers/STM32F4xx_HAL_Driver/Src/stm32f4xx_hal_uart.o
                0x08005c9a                HAL_UART_TxCpltCallback
 .text.UART_EndTransmit_IT
                0x08005c9c       0x1a Drivers/STM32F4xx_HAL_Driver/Src/stm32f4xx_hal_uart.o
 .text.HAL_UART_RxCpltCallback
                0x08005cb6        0x2 Drivers/STM32F4xx_HAL_Driver/Src/stm32f4xx_hal_uart.o
                0x08005cb6                HAL_UART_RxCpltCallback
 .text.UART_Receive_IT
                0x08005cb8       0x9c Drivers/STM32F4xx_HAL_Driver/Src/stm32f4xx_hal_uart.o
 .text.HAL_UART_ErrorCallback
                0x08005d54        0x2 Drivers/STM32F4xx_HAL_Driver/Src/stm32f4xx_hal_uart.o
                0x08005d54                HAL_UART_ErrorCallback
 *fill*         0x08005d56        0x2 
 .text.HAL_UART_IRQHandler
                0x08005d58      0x128 Drivers/STM32F4xx_HAL_Driver/Src/stm32f4xx_hal_uart.o
                0x08005d58                HAL_UART_IRQHandler
 .text.UART_DMAAbortOnError
                0x08005e80       0x10 Drivers/STM32F4xx_HAL_Driver/Src/stm32f4xx_hal_uart.o
 .text.USB_CoreReset
                0x08005e90       0x3c Drivers/STM32F4xx_HAL_Driver/Src/stm32f4xx_ll_usb.o
 .text.USB_CoreInit
                0x08005ecc       0x8a Drivers/STM32F4xx_HAL_Driver/Src/stm32f4xx_ll_usb.o
                0x08005ecc                USB_CoreInit
 .text.USB_DisableGlobalInt
                0x08005f56        0xc Drivers/STM32F4xx_HAL_Driver/Src/stm32f4xx_ll_usb.o
                0x08005f56                USB_DisableGlobalInt
 .text.USB_SetCurrentMode
                0x08005f62       0x30 Drivers/STM32F4xx_HAL_Driver/Src/stm32f4xx_ll_usb.o
                0x08005f62                USB_SetCurrentMode
 *fill*         0x08005f92        0x2 
 .text.USB_FlushTxFifo
                0x08005f94       0x28 Drivers/STM32F4xx_HAL_Driver/Src/stm32f4xx_ll_usb.o
                0x08005f94                USB_FlushTxFifo
 .text.USB_FlushRxFifo
                0x08005fbc       0x24 Drivers/STM32F4xx_HAL_Driver/Src/stm32f4xx_ll_usb.o
                0x08005fbc                USB_FlushRxFifo
 .text.USB_SetDevSpeed
                0x08005fe0        0xe Drivers/STM32F4xx_HAL_Driver/Src/stm32f4xx_ll_usb.o
                0x08005fe0                USB_SetDevSpeed
 *fill*         0x08005fee        0x2 
 .text.USB_DevInit
                0x08005ff0      0x188 Drivers/STM32F4xx_HAL_Driver/Src/stm32f4xx_ll_usb.o
                0x08005ff0                USB_DevInit
 .text.USB_DevDisconnect
                0x08006178       0x1c Drivers/STM32F4xx_HAL_Driver/Src/stm32f4xx_ll_usb.o
                0x08006178                USB_DevDisconnect
 .text.Reset_Handler
                0x08006194       0x50 startup/startup_stm32f413xx.o
                0x08006194                Reset_Handler
 .text.Default_Handler
                0x080061e4        0x2 startup/startup_stm32f413xx.o
                0x080061e4                RTC_Alarm_IRQHandler
                0x080061e4                EXTI2_IRQHandler
                0x080061e4                TIM8_CC_IRQHandler
                0x080061e4                UART8_IRQHandler
                0x080061e4                FMPI2C1_EV_IRQHandler
                0x080061e4                SPI4_IRQHandler
                0x080061e4                TIM1_CC_IRQHandler
                0x080061e4                DMA2_Stream5_IRQHandler
                0x080061e4                DMA1_Stream5_IRQHandler
                0x080061e4                CAN3_RX1_IRQHandler
                0x080061e4                PVD_IRQHandler
                0x080061e4                SDIO_IRQHandler
                0x080061e4                TAMP_STAMP_IRQHandler
                0x080061e4                CAN2_RX1_IRQHandler
                0x080061e4                EXTI3_IRQHandler
                0x080061e4                TIM8_TRG_COM_TIM14_IRQHandler
                0x080061e4                DFSDM1_FLT1_IRQHandler
                0x080061e4                TIM1_UP_TIM10_IRQHandler
                0x080061e4                TIM8_UP_TIM13_IRQHandler
                0x080061e4                I2C3_ER_IRQHandler
                0x080061e4                EXTI0_IRQHandler
                0x080061e4                I2C2_EV_IRQHandler
                0x080061e4                DMA1_Stream2_IRQHandler
                0x080061e4                FPU_IRQHandler
                0x080061e4                CAN3_SCE_IRQHandler
                0x080061e4                CAN2_SCE_IRQHandler
                0x080061e4                DMA2_Stream2_IRQHandler
                0x080061e4                SPI1_IRQHandler
                0x080061e4                TIM6_DAC_IRQHandler
                0x080061e4                TIM1_BRK_TIM9_IRQHandler
                0x080061e4                CAN2_RX0_IRQHandler
                0x080061e4                DMA2_Stream3_IRQHandler
                0x080061e4                USART6_IRQHandler
                0x080061e4                CAN3_RX0_IRQHandler
                0x080061e4                USART3_IRQHandler
                0x080061e4                DFSDM2_FLT3_IRQHandler
                0x080061e4                CAN1_RX1_IRQHandler
                0x080061e4                UART5_IRQHandler
                0x080061e4                DMA2_Stream0_IRQHandler
                0x080061e4                TIM4_IRQHandler
                0x080061e4                QUADSPI_IRQHandler
                0x080061e4                I2C1_EV_IRQHandler
                0x080061e4                DMA1_Stream6_IRQHandler
                0x080061e4                DMA1_Stream1_IRQHandler
                0x080061e4                UART4_IRQHandler
                0x080061e4                TIM3_IRQHandler
                0x080061e4                UART9_IRQHandler
                0x080061e4                TIM8_BRK_TIM12_IRQHandler
                0x080061e4                Default_Handler
                0x080061e4                DMA1_Stream7_IRQHandler
                0x080061e4                DFSDM2_FLT0_IRQHandler
                0x080061e4                SPI5_IRQHandler
                0x080061e4                TIM7_IRQHandler
                0x080061e4                CAN2_TX_IRQHandler
                0x080061e4                TIM5_IRQHandler
                0x080061e4                DMA2_Stream7_IRQHandler
                0x080061e4                I2C3_EV_IRQHandler
                0x080061e4                DFSDM2_FLT2_IRQHandler
                0x080061e4                RTC_WKUP_IRQHandler
                0x080061e4                SPI2_IRQHandler
                0x080061e4                DMA1_Stream0_IRQHandler
                0x080061e4                CAN1_TX_IRQHandler
                0x080061e4                FMPI2C1_ER_IRQHandler
                0x080061e4                DFSDM2_FLT1_IRQHandler
                0x080061e4                RNG_IRQHandler
                0x080061e4                FSMC_IRQHandler
                0x080061e4                WWDG_IRQHandler
                0x080061e4                CAN3_TX_IRQHandler
                0x080061e4                OTG_FS_WKUP_IRQHandler
                0x080061e4                TIM1_TRG_COM_TIM11_IRQHandler
                0x080061e4                UART7_IRQHandler
                0x080061e4                USART2_IRQHandler
                0x080061e4                DFSDM1_FLT0_IRQHandler
                0x080061e4                I2C2_ER_IRQHandler
                0x080061e4                DMA2_Stream1_IRQHandler
                0x080061e4                CAN1_SCE_IRQHandler
                0x080061e4                FLASH_IRQHandler
                0x080061e4                DMA2_Stream4_IRQHandler
                0x080061e4                USART1_IRQHandler
                0x080061e4                OTG_FS_IRQHandler
                0x080061e4                SPI3_IRQHandler
                0x080061e4                DMA1_Stream4_IRQHandler
                0x080061e4                I2C1_ER_IRQHandler
                0x080061e4                LPTIM1_IRQHandler
                0x080061e4                DMA2_Stream6_IRQHandler
                0x080061e4                SAI1_IRQHandler
                0x080061e4                DMA1_Stream3_IRQHandler
 *fill*         0x080061e6        0x2 
 .text.__errno  0x080061e8        0xc c:/ac6/systemworkbench/plugins/fr.ac6.mcu.externaltools.arm-none.win32_1.17.0.201812190825/tools/compiler/bin/../lib/gcc/arm-none-eabi/7.3.1/../../../../arm-none-eabi/lib/thumb/v7e-m/fpv4-sp/hard\libc_nano.a(lib_a-errno.o)
                0x080061e8                __errno
 .text.__libc_init_array
                0x080061f4       0x48 c:/ac6/systemworkbench/plugins/fr.ac6.mcu.externaltools.arm-none.win32_1.17.0.201812190825/tools/compiler/bin/../lib/gcc/arm-none-eabi/7.3.1/../../../../arm-none-eabi/lib/thumb/v7e-m/fpv4-sp/hard\libc_nano.a(lib_a-init.o)
                0x080061f4                __libc_init_array
 .text.memset   0x0800623c       0x10 c:/ac6/systemworkbench/plugins/fr.ac6.mcu.externaltools.arm-none.win32_1.17.0.201812190825/tools/compiler/bin/../lib/gcc/arm-none-eabi/7.3.1/../../../../arm-none-eabi/lib/thumb/v7e-m/fpv4-sp/hard\libc_nano.a(lib_a-memset.o)
                0x0800623c                memset
 .text.sprintf  0x0800624c       0x40 c:/ac6/systemworkbench/plugins/fr.ac6.mcu.externaltools.arm-none.win32_1.17.0.201812190825/tools/compiler/bin/../lib/gcc/arm-none-eabi/7.3.1/../../../../arm-none-eabi/lib/thumb/v7e-m/fpv4-sp/hard\libc_nano.a(lib_a-sprintf.o)
                0x0800624c                siprintf
                0x0800624c                sprintf
 .text._vsnprintf_r
                0x0800628c       0x58 c:/ac6/systemworkbench/plugins/fr.ac6.mcu.externaltools.arm-none.win32_1.17.0.201812190825/tools/compiler/bin/../lib/gcc/arm-none-eabi/7.3.1/../../../../arm-none-eabi/lib/thumb/v7e-m/fpv4-sp/hard\libc_nano.a(lib_a-vsnprintf.o)
                0x0800628c                _vsniprintf_r
                0x0800628c                _vsnprintf_r
 .text.vsnprintf
                0x080062e4       0x1c c:/ac6/systemworkbench/plugins/fr.ac6.mcu.externaltools.arm-none.win32_1.17.0.201812190825/tools/compiler/bin/../lib/gcc/arm-none-eabi/7.3.1/../../../../arm-none-eabi/lib/thumb/v7e-m/fpv4-sp/hard\libc_nano.a(lib_a-vsnprintf.o)
                0x080062e4                vsniprintf
                0x080062e4                vsnprintf
 .text.__ssputs_r
                0x08006300       0xb4 c:/ac6/systemworkbench/plugins/fr.ac6.mcu.externaltools.arm-none.win32_1.17.0.201812190825/tools/compiler/bin/../lib/gcc/arm-none-eabi/7.3.1/../../../../arm-none-eabi/lib/thumb/v7e-m/fpv4-sp/hard\libc_nano.a(lib_a-nano-svfprintf.o)
                0x08006300                __ssputs_r
 .text._svfprintf_r
                0x080063b4      0x1f0 c:/ac6/systemworkbench/plugins/fr.ac6.mcu.externaltools.arm-none.win32_1.17.0.201812190825/tools/compiler/bin/../lib/gcc/arm-none-eabi/7.3.1/../../../../arm-none-eabi/lib/thumb/v7e-m/fpv4-sp/hard\libc_nano.a(lib_a-nano-svfprintf.o)
                0x080063b4                _svfiprintf_r
                0x080063b4                _svfprintf_r
 .text._printf_common
                0x080065a4       0xea c:/ac6/systemworkbench/plugins/fr.ac6.mcu.externaltools.arm-none.win32_1.17.0.201812190825/tools/compiler/bin/../lib/gcc/arm-none-eabi/7.3.1/../../../../arm-none-eabi/lib/thumb/v7e-m/fpv4-sp/hard\libc_nano.a(lib_a-nano-vfprintf_i.o)
                0x080065a4                _printf_common
 *fill*         0x0800668e        0x2 
 .text._printf_i
                0x08006690      0x224 c:/ac6/systemworkbench/plugins/fr.ac6.mcu.externaltools.arm-none.win32_1.17.0.201812190825/tools/compiler/bin/../lib/gcc/arm-none-eabi/7.3.1/../../../../arm-none-eabi/lib/thumb/v7e-m/fpv4-sp/hard\libc_nano.a(lib_a-nano-vfprintf_i.o)
                0x08006690                _printf_i
 .text.memcpy   0x080068b4       0x16 c:/ac6/systemworkbench/plugins/fr.ac6.mcu.externaltools.arm-none.win32_1.17.0.201812190825/tools/compiler/bin/../lib/gcc/arm-none-eabi/7.3.1/../../../../arm-none-eabi/lib/thumb/v7e-m/fpv4-sp/hard\libc_nano.a(lib_a-memcpy-stub.o)
                0x080068b4                memcpy
 .text.memmove  0x080068ca       0x32 c:/ac6/systemworkbench/plugins/fr.ac6.mcu.externaltools.arm-none.win32_1.17.0.201812190825/tools/compiler/bin/../lib/gcc/arm-none-eabi/7.3.1/../../../../arm-none-eabi/lib/thumb/v7e-m/fpv4-sp/hard\libc_nano.a(lib_a-memmove.o)
                0x080068ca                memmove
 .text._free_r  0x080068fc       0x9c c:/ac6/systemworkbench/plugins/fr.ac6.mcu.externaltools.arm-none.win32_1.17.0.201812190825/tools/compiler/bin/../lib/gcc/arm-none-eabi/7.3.1/../../../../arm-none-eabi/lib/thumb/v7e-m/fpv4-sp/hard\libc_nano.a(lib_a-nano-freer.o)
                0x080068fc                _free_r
 .text._malloc_r
                0x08006998       0xb4 c:/ac6/systemworkbench/plugins/fr.ac6.mcu.externaltools.arm-none.win32_1.17.0.201812190825/tools/compiler/bin/../lib/gcc/arm-none-eabi/7.3.1/../../../../arm-none-eabi/lib/thumb/v7e-m/fpv4-sp/hard\libc_nano.a(lib_a-nano-mallocr.o)
                0x08006998                _malloc_r
 .text._realloc_r
                0x08006a4c       0x4c c:/ac6/systemworkbench/plugins/fr.ac6.mcu.externaltools.arm-none.win32_1.17.0.201812190825/tools/compiler/bin/../lib/gcc/arm-none-eabi/7.3.1/../../../../arm-none-eabi/lib/thumb/v7e-m/fpv4-sp/hard\libc_nano.a(lib_a-nano-reallocr.o)
                0x08006a4c                _realloc_r
 .text._sbrk_r  0x08006a98       0x20 c:/ac6/systemworkbench/plugins/fr.ac6.mcu.externaltools.arm-none.win32_1.17.0.201812190825/tools/compiler/bin/../lib/gcc/arm-none-eabi/7.3.1/../../../../arm-none-eabi/lib/thumb/v7e-m/fpv4-sp/hard\libc_nano.a(lib_a-sbrkr.o)
                0x08006a98                _sbrk_r
 .text.__malloc_lock
                0x08006ab8        0x2 c:/ac6/systemworkbench/plugins/fr.ac6.mcu.externaltools.arm-none.win32_1.17.0.201812190825/tools/compiler/bin/../lib/gcc/arm-none-eabi/7.3.1/../../../../arm-none-eabi/lib/thumb/v7e-m/fpv4-sp/hard\libc_nano.a(lib_a-mlock.o)
                0x08006ab8                __malloc_lock
 .text.__malloc_unlock
                0x08006aba        0x2 c:/ac6/systemworkbench/plugins/fr.ac6.mcu.externaltools.arm-none.win32_1.17.0.201812190825/tools/compiler/bin/../lib/gcc/arm-none-eabi/7.3.1/../../../../arm-none-eabi/lib/thumb/v7e-m/fpv4-sp/hard\libc_nano.a(lib_a-mlock.o)
                0x08006aba                __malloc_unlock
 .text._malloc_usable_size_r
                0x08006abc       0x10 c:/ac6/systemworkbench/plugins/fr.ac6.mcu.externaltools.arm-none.win32_1.17.0.201812190825/tools/compiler/bin/../lib/gcc/arm-none-eabi/7.3.1/../../../../arm-none-eabi/lib/thumb/v7e-m/fpv4-sp/hard\libc_nano.a(lib_a-nano-msizer.o)
                0x08006abc                _malloc_usable_size_r
 *(.glue_7)
 .glue_7        0x08006acc        0x0 linker stubs
 *(.glue_7t)
 .glue_7t       0x08006acc        0x0 linker stubs
 *(.eh_frame)
 .eh_frame      0x08006acc        0x0 c:/ac6/systemworkbench/plugins/fr.ac6.mcu.externaltools.arm-none.win32_1.17.0.201812190825/tools/compiler/bin/../lib/gcc/arm-none-eabi/7.3.1/thumb/v7e-m/fpv4-sp/hard/crtbegin.o
 *(.init)
 .init          0x08006acc        0x4 c:/ac6/systemworkbench/plugins/fr.ac6.mcu.externaltools.arm-none.win32_1.17.0.201812190825/tools/compiler/bin/../lib/gcc/arm-none-eabi/7.3.1/thumb/v7e-m/fpv4-sp/hard/crti.o
                0x08006acc                _init
 .init          0x08006ad0        0x8 c:/ac6/systemworkbench/plugins/fr.ac6.mcu.externaltools.arm-none.win32_1.17.0.201812190825/tools/compiler/bin/../lib/gcc/arm-none-eabi/7.3.1/thumb/v7e-m/fpv4-sp/hard/crtn.o
 *(.fini)
 .fini          0x08006ad8        0x4 c:/ac6/systemworkbench/plugins/fr.ac6.mcu.externaltools.arm-none.win32_1.17.0.201812190825/tools/compiler/bin/../lib/gcc/arm-none-eabi/7.3.1/thumb/v7e-m/fpv4-sp/hard/crti.o
                0x08006ad8                _fini
 .fini          0x08006adc        0x8 c:/ac6/systemworkbench/plugins/fr.ac6.mcu.externaltools.arm-none.win32_1.17.0.201812190825/tools/compiler/bin/../lib/gcc/arm-none-eabi/7.3.1/thumb/v7e-m/fpv4-sp/hard/crtn.o
                0x08006ae4                . = ALIGN (0x4)
                0x08006ae4                _etext = .

.vfp11_veneer   0x08006ae4        0x0
 .vfp11_veneer  0x08006ae4        0x0 linker stubs

.v4_bx          0x08006ae4        0x0
 .v4_bx         0x08006ae4        0x0 linker stubs

.iplt           0x08006ae4        0x0
 .iplt          0x08006ae4        0x0 c:/ac6/systemworkbench/plugins/fr.ac6.mcu.externaltools.arm-none.win32_1.17.0.201812190825/tools/compiler/bin/../lib/gcc/arm-none-eabi/7.3.1/thumb/v7e-m/fpv4-sp/hard/crtbegin.o

.rodata         0x08006ae4      0x2d8
                0x08006ae4                . = ALIGN (0x4)
 *(.rodata)
 .rodata        0x08006ae4        0x8 Core/Src/main.o
 .rodata        0x08006aec       0x18 Core/Src/system_stm32f4xx.o
                0x08006aec                AHBPrescTable
                0x08006afc                APBPrescTable
 *(.rodata*)
 .rodata.str1.4
                0x08006b04        0x4 Core/Src/main.o
 .rodata.str1.4
                0x08006b08       0x38 Drivers/STM32F4xx_HAL_Driver/Src/stm32f4xx_hal_adc.o
 .rodata.str1.4
                0x08006b40       0x3b Drivers/STM32F4xx_HAL_Driver/Src/stm32f4xx_hal_adc_ex.o
 *fill*         0x08006b7b        0x1 
 .rodata.str1.4
                0x08006b7c       0x38 Drivers/STM32F4xx_HAL_Driver/Src/stm32f4xx_hal_can.o
 .rodata.str1.4
                0x08006bb4       0x3b Drivers/STM32F4xx_HAL_Driver/Src/stm32f4xx_hal_cortex.o
 *fill*         0x08006bef        0x1 
 .rodata.str1.4
                0x08006bf0       0x39 Drivers/STM32F4xx_HAL_Driver/Src/stm32f4xx_hal_gpio.o
 *fill*         0x08006c29        0x3 
 .rodata.str1.4
                0x08006c2c       0x38 Drivers/STM32F4xx_HAL_Driver/Src/stm32f4xx_hal_pcd.o
 .rodata.str1.4
                0x08006c64       0x38 Drivers/STM32F4xx_HAL_Driver/Src/stm32f4xx_hal_rcc.o
 .rodata.str1.4
                0x08006c9c       0x3b Drivers/STM32F4xx_HAL_Driver/Src/stm32f4xx_hal_rcc_ex.o
 *fill*         0x08006cd7        0x1 
 .rodata.str1.4
                0x08006cd8       0x38 Drivers/STM32F4xx_HAL_Driver/Src/stm32f4xx_hal_tim.o
 .rodata.str1.4
                0x08006d10       0x3b Drivers/STM32F4xx_HAL_Driver/Src/stm32f4xx_hal_tim_ex.o
 *fill*         0x08006d4b        0x1 
 .rodata.str1.4
                0x08006d4c       0x3c Drivers/STM32F4xx_HAL_Driver/Src/stm32f4xx_hal_uart.o
                                 0x39 (size before relaxing)
 .rodata._svfprintf_r.str1.1
                0x08006d88       0x11 c:/ac6/systemworkbench/plugins/fr.ac6.mcu.externaltools.arm-none.win32_1.17.0.201812190825/tools/compiler/bin/../lib/gcc/arm-none-eabi/7.3.1/../../../../arm-none-eabi/lib/thumb/v7e-m/fpv4-sp/hard\libc_nano.a(lib_a-nano-svfprintf.o)
 .rodata._printf_i.str1.1
                0x08006d99       0x22 c:/ac6/systemworkbench/plugins/fr.ac6.mcu.externaltools.arm-none.win32_1.17.0.201812190825/tools/compiler/bin/../lib/gcc/arm-none-eabi/7.3.1/../../../../arm-none-eabi/lib/thumb/v7e-m/fpv4-sp/hard\libc_nano.a(lib_a-nano-vfprintf_i.o)
                0x08006dbc                . = ALIGN (0x4)
 *fill*         0x08006dbb        0x1 

.ARM.extab
 *(.ARM.extab* .gnu.linkonce.armextab.*)

.ARM            0x08006dbc        0x8
                0x08006dbc                __exidx_start = .
 *(.ARM.exidx*)
 .ARM.exidx     0x08006dbc        0x8 c:/ac6/systemworkbench/plugins/fr.ac6.mcu.externaltools.arm-none.win32_1.17.0.201812190825/tools/compiler/bin/../lib/gcc/arm-none-eabi/7.3.1/thumb/v7e-m/fpv4-sp/hard\libgcc.a(_udivmoddi4.o)
                0x08006dc4                __exidx_end = .

.rel.dyn        0x08006dc4        0x0
 .rel.iplt      0x08006dc4        0x0 c:/ac6/systemworkbench/plugins/fr.ac6.mcu.externaltools.arm-none.win32_1.17.0.201812190825/tools/compiler/bin/../lib/gcc/arm-none-eabi/7.3.1/thumb/v7e-m/fpv4-sp/hard/crtbegin.o

.preinit_array  0x08006dc4        0x0
                0x08006dc4                PROVIDE (__preinit_array_start = .)
 *(.preinit_array*)
                0x08006dc4                PROVIDE (__preinit_array_end = .)

.init_array     0x08006dc4        0x4
                0x08006dc4                PROVIDE (__init_array_start = .)
 *(SORT_BY_NAME(.init_array.*))
 *(.init_array*)
 .init_array    0x08006dc4        0x4 c:/ac6/systemworkbench/plugins/fr.ac6.mcu.externaltools.arm-none.win32_1.17.0.201812190825/tools/compiler/bin/../lib/gcc/arm-none-eabi/7.3.1/thumb/v7e-m/fpv4-sp/hard/crtbegin.o
                0x08006dc8                PROVIDE (__init_array_end = .)

.fini_array     0x08006dc8        0x4
                [!provide]                PROVIDE (__fini_array_start = .)
 *(SORT_BY_NAME(.fini_array.*))
 *(.fini_array*)
 .fini_array    0x08006dc8        0x4 c:/ac6/systemworkbench/plugins/fr.ac6.mcu.externaltools.arm-none.win32_1.17.0.201812190825/tools/compiler/bin/../lib/gcc/arm-none-eabi/7.3.1/thumb/v7e-m/fpv4-sp/hard/crtbegin.o
                [!provide]                PROVIDE (__fini_array_end = .)
                0x08006dcc                _sidata = LOADADDR (.data)

.data           0x20000000       0x70 load address 0x08006dcc
                0x20000000                . = ALIGN (0x4)
                0x20000000                _sdata = .
 *(.data)
 .data          0x20000000        0x4 Core/Src/system_stm32f4xx.o
                0x20000000                SystemCoreClock
 .data          0x20000004        0x8 Drivers/STM32F4xx_HAL_Driver/Src/stm32f4xx_hal.o
                0x20000004                uwTickFreq
                0x20000008                uwTickPrio
 *(.data*)
 .data._impure_ptr
                0x2000000c        0x4 c:/ac6/systemworkbench/plugins/fr.ac6.mcu.externaltools.arm-none.win32_1.17.0.201812190825/tools/compiler/bin/../lib/gcc/arm-none-eabi/7.3.1/../../../../arm-none-eabi/lib/thumb/v7e-m/fpv4-sp/hard\libc_nano.a(lib_a-impure.o)
                0x2000000c                _impure_ptr
 .data.impure_data
                0x20000010       0x60 c:/ac6/systemworkbench/plugins/fr.ac6.mcu.externaltools.arm-none.win32_1.17.0.201812190825/tools/compiler/bin/../lib/gcc/arm-none-eabi/7.3.1/../../../../arm-none-eabi/lib/thumb/v7e-m/fpv4-sp/hard\libc_nano.a(lib_a-impure.o)
                0x20000070                . = ALIGN (0x4)
                0x20000070                _edata = .

.igot.plt       0x20000070        0x0 load address 0x08006e3c
 .igot.plt      0x20000070        0x0 c:/ac6/systemworkbench/plugins/fr.ac6.mcu.externaltools.arm-none.win32_1.17.0.201812190825/tools/compiler/bin/../lib/gcc/arm-none-eabi/7.3.1/thumb/v7e-m/fpv4-sp/hard/crtbegin.o
                0x20000070                . = ALIGN (0x4)

.bss            0x20000070     0x1cbc load address 0x08006e3c
                0x20000070                _sbss = .
                0x20000070                __bss_start__ = _sbss
 *(.bss)
 .bss           0x20000070       0x1c c:/ac6/systemworkbench/plugins/fr.ac6.mcu.externaltools.arm-none.win32_1.17.0.201812190825/tools/compiler/bin/../lib/gcc/arm-none-eabi/7.3.1/thumb/v7e-m/fpv4-sp/hard/crtbegin.o
 .bss           0x2000008c        0x8 Core/Src/syscalls.o
                0x20000090                __env
 .bss           0x20000094       0xd0 Custom_Libs/Src/CAN_Driver.o
                0x20000094                ReceivedBuff
                0x200000f8                CAN_RX_Flag
                0x200000fa                ReceivedFrameCounter
                0x200000fc                value
                0x200000fd                CAN_RX_FlagX
                0x200000fe                ReceivedFrameCounterX
                0x20000100                ReceivedBuffX
 *(.bss*)
 .bss.__malloc_free_list
                0x20000164        0x4 c:/ac6/systemworkbench/plugins/fr.ac6.mcu.externaltools.arm-none.win32_1.17.0.201812190825/tools/compiler/bin/../lib/gcc/arm-none-eabi/7.3.1/../../../../arm-none-eabi/lib/thumb/v7e-m/fpv4-sp/hard\libc_nano.a(lib_a-nano-mallocr.o)
                0x20000164                __malloc_free_list
 .bss.__malloc_sbrk_start
                0x20000168        0x4 c:/ac6/systemworkbench/plugins/fr.ac6.mcu.externaltools.arm-none.win32_1.17.0.201812190825/tools/compiler/bin/../lib/gcc/arm-none-eabi/7.3.1/../../../../arm-none-eabi/lib/thumb/v7e-m/fpv4-sp/hard\libc_nano.a(lib_a-nano-mallocr.o)
                0x20000168                __malloc_sbrk_start
 *(COMMON)
 COMMON         0x2000016c       0x48 Core/Src/adc.o
                0x2000016c                hadc1
 COMMON         0x200001b4       0x28 Core/Src/can.o
                0x200001b4                hcan1
 COMMON         0x200001dc     0x15e8 Core/Src/main.o
                0x200001dc                TxMsg_Data
                0x200001e4                RxMsgX
                0x20000cd4                RxMsg
 COMMON         0x200017c4       0xc0 Core/Src/tim.o
                0x200017c4                htim3
                0x20001804                htim1
                0x20001844                htim2
 COMMON         0x20001884       0x80 Core/Src/usart.o
                0x20001884                huart3
                0x200018c4                huart10
 COMMON         0x20001904      0x408 Core/Src/usb_otg.o
                0x20001904                hpcd_USB_OTG_FS
 COMMON         0x20001d0c       0x18 Custom_Libs/Src/CAN_Driver.o
                0x20001d0c                TxMsg
 COMMON         0x20001d24        0x4 Drivers/STM32F4xx_HAL_Driver/Src/stm32f4xx_hal.o
                0x20001d24                uwTick
 COMMON         0x20001d28        0x4 c:/ac6/systemworkbench/plugins/fr.ac6.mcu.externaltools.arm-none.win32_1.17.0.201812190825/tools/compiler/bin/../lib/gcc/arm-none-eabi/7.3.1/../../../../arm-none-eabi/lib/thumb/v7e-m/fpv4-sp/hard\libc_nano.a(lib_a-reent.o)
                0x20001d28                errno
                0x20001d2c                . = ALIGN (0x4)
                0x20001d2c                _ebss = .
                0x20001d2c                __bss_end__ = _ebss

._user_heap_stack
                0x20001d2c      0x604 load address 0x08006e3c
                0x20001d30                . = ALIGN (0x8)
 *fill*         0x20001d2c        0x4 
                0x20001d30                PROVIDE (end = .)
                [!provide]                PROVIDE (_end = .)
                0x20001f30                . = (. + _Min_Heap_Size)
 *fill*         0x20001d30      0x200 
                0x20002330                . = (. + _Min_Stack_Size)
 *fill*         0x20001f30      0x400 
                0x20002330                . = ALIGN (0x8)

/DISCARD/
 libc.a(*)
 libm.a(*)
 libgcc.a(*)

.ARM.attributes
                0x00000000       0x30
 *(.ARM.attributes)
 .ARM.attributes
                0x00000000       0x22 c:/ac6/systemworkbench/plugins/fr.ac6.mcu.externaltools.arm-none.win32_1.17.0.201812190825/tools/compiler/bin/../lib/gcc/arm-none-eabi/7.3.1/thumb/v7e-m/fpv4-sp/hard/crti.o
 .ARM.attributes
                0x00000022       0x34 c:/ac6/systemworkbench/plugins/fr.ac6.mcu.externaltools.arm-none.win32_1.17.0.201812190825/tools/compiler/bin/../lib/gcc/arm-none-eabi/7.3.1/thumb/v7e-m/fpv4-sp/hard/crtbegin.o
 .ARM.attributes
                0x00000056       0x39 Core/Src/adc.o
 .ARM.attributes
                0x0000008f       0x39 Core/Src/can.o
 .ARM.attributes
                0x000000c8       0x39 Core/Src/gpio.o
 .ARM.attributes
                0x00000101       0x39 Core/Src/main.o
 .ARM.attributes
                0x0000013a       0x39 Core/Src/stm32f4xx_hal_msp.o
 .ARM.attributes
                0x00000173       0x39 Core/Src/stm32f4xx_it.o
 .ARM.attributes
                0x000001ac       0x39 Core/Src/syscalls.o
 .ARM.attributes
                0x000001e5       0x39 Core/Src/system_stm32f4xx.o
 .ARM.attributes
                0x0000021e       0x39 Core/Src/tim.o
 .ARM.attributes
                0x00000257       0x39 Core/Src/usart.o
 .ARM.attributes
                0x00000290       0x39 Core/Src/usb_otg.o
 .ARM.attributes
                0x000002c9       0x39 Custom_Libs/Src/CAN_Application.o
 .ARM.attributes
                0x00000302       0x39 Custom_Libs/Src/CAN_Driver.o
 .ARM.attributes
                0x0000033b       0x39 Custom_Libs/Src/Debug.o
 .ARM.attributes
                0x00000374       0x39 Drivers/STM32F4xx_HAL_Driver/Src/stm32f4xx_hal.o
 .ARM.attributes
                0x000003ad       0x39 Drivers/STM32F4xx_HAL_Driver/Src/stm32f4xx_hal_adc.o
 .ARM.attributes
                0x000003e6       0x39 Drivers/STM32F4xx_HAL_Driver/Src/stm32f4xx_hal_adc_ex.o
 .ARM.attributes
                0x0000041f       0x39 Drivers/STM32F4xx_HAL_Driver/Src/stm32f4xx_hal_can.o
 .ARM.attributes
                0x00000458       0x39 Drivers/STM32F4xx_HAL_Driver/Src/stm32f4xx_hal_cortex.o
 .ARM.attributes
                0x00000491       0x39 Drivers/STM32F4xx_HAL_Driver/Src/stm32f4xx_hal_dma.o
 .ARM.attributes
                0x000004ca       0x39 Drivers/STM32F4xx_HAL_Driver/Src/stm32f4xx_hal_gpio.o
 .ARM.attributes
                0x00000503       0x39 Drivers/STM32F4xx_HAL_Driver/Src/stm32f4xx_hal_pcd.o
 .ARM.attributes
                0x0000053c       0x39 Drivers/STM32F4xx_HAL_Driver/Src/stm32f4xx_hal_pcd_ex.o
 .ARM.attributes
                0x00000575       0x39 Drivers/STM32F4xx_HAL_Driver/Src/stm32f4xx_hal_rcc.o
 .ARM.attributes
                0x000005ae       0x39 Drivers/STM32F4xx_HAL_Driver/Src/stm32f4xx_hal_rcc_ex.o
 .ARM.attributes
                0x000005e7       0x39 Drivers/STM32F4xx_HAL_Driver/Src/stm32f4xx_hal_tim.o
 .ARM.attributes
                0x00000620       0x39 Drivers/STM32F4xx_HAL_Driver/Src/stm32f4xx_hal_tim_ex.o
 .ARM.attributes
                0x00000659       0x39 Drivers/STM32F4xx_HAL_Driver/Src/stm32f4xx_hal_uart.o
 .ARM.attributes
                0x00000692       0x39 Drivers/STM32F4xx_HAL_Driver/Src/stm32f4xx_ll_usb.o
 .ARM.attributes
                0x000006cb       0x21 startup/startup_stm32f413xx.o
 .ARM.attributes
                0x000006ec       0x22 c:/ac6/systemworkbench/plugins/fr.ac6.mcu.externaltools.arm-none.win32_1.17.0.201812190825/tools/compiler/bin/../lib/gcc/arm-none-eabi/7.3.1/thumb/v7e-m/fpv4-sp/hard\libgcc.a(_aeabi_uldivmod.o)
 .ARM.attributes
                0x0000070e       0x34 c:/ac6/systemworkbench/plugins/fr.ac6.mcu.externaltools.arm-none.win32_1.17.0.201812190825/tools/compiler/bin/../lib/gcc/arm-none-eabi/7.3.1/thumb/v7e-m/fpv4-sp/hard\libgcc.a(_udivmoddi4.o)
 .ARM.attributes
                0x00000742       0x22 c:/ac6/systemworkbench/plugins/fr.ac6.mcu.externaltools.arm-none.win32_1.17.0.201812190825/tools/compiler/bin/../lib/gcc/arm-none-eabi/7.3.1/thumb/v7e-m/fpv4-sp/hard\libgcc.a(_dvmd_tls.o)
 .ARM.attributes
                0x00000764       0x34 c:/ac6/systemworkbench/plugins/fr.ac6.mcu.externaltools.arm-none.win32_1.17.0.201812190825/tools/compiler/bin/../lib/gcc/arm-none-eabi/7.3.1/../../../../arm-none-eabi/lib/thumb/v7e-m/fpv4-sp/hard\libc_nano.a(lib_a-errno.o)
 .ARM.attributes
                0x00000798       0x34 c:/ac6/systemworkbench/plugins/fr.ac6.mcu.externaltools.arm-none.win32_1.17.0.201812190825/tools/compiler/bin/../lib/gcc/arm-none-eabi/7.3.1/../../../../arm-none-eabi/lib/thumb/v7e-m/fpv4-sp/hard\libc_nano.a(lib_a-impure.o)
 .ARM.attributes
                0x000007cc       0x34 c:/ac6/systemworkbench/plugins/fr.ac6.mcu.externaltools.arm-none.win32_1.17.0.201812190825/tools/compiler/bin/../lib/gcc/arm-none-eabi/7.3.1/../../../../arm-none-eabi/lib/thumb/v7e-m/fpv4-sp/hard\libc_nano.a(lib_a-init.o)
 .ARM.attributes
                0x00000800       0x34 c:/ac6/systemworkbench/plugins/fr.ac6.mcu.externaltools.arm-none.win32_1.17.0.201812190825/tools/compiler/bin/../lib/gcc/arm-none-eabi/7.3.1/../../../../arm-none-eabi/lib/thumb/v7e-m/fpv4-sp/hard\libc_nano.a(lib_a-memset.o)
 .ARM.attributes
                0x00000834       0x34 c:/ac6/systemworkbench/plugins/fr.ac6.mcu.externaltools.arm-none.win32_1.17.0.201812190825/tools/compiler/bin/../lib/gcc/arm-none-eabi/7.3.1/../../../../arm-none-eabi/lib/thumb/v7e-m/fpv4-sp/hard\libc_nano.a(lib_a-sprintf.o)
 .ARM.attributes
                0x00000868       0x1b c:/ac6/systemworkbench/plugins/fr.ac6.mcu.externaltools.arm-none.win32_1.17.0.201812190825/tools/compiler/bin/../lib/gcc/arm-none-eabi/7.3.1/../../../../arm-none-eabi/lib/thumb/v7e-m/fpv4-sp/hard\libc_nano.a(lib_a-strlen.o)
 .ARM.attributes
                0x00000883       0x34 c:/ac6/systemworkbench/plugins/fr.ac6.mcu.externaltools.arm-none.win32_1.17.0.201812190825/tools/compiler/bin/../lib/gcc/arm-none-eabi/7.3.1/../../../../arm-none-eabi/lib/thumb/v7e-m/fpv4-sp/hard\libc_nano.a(lib_a-vsnprintf.o)
 .ARM.attributes
                0x000008b7       0x34 c:/ac6/systemworkbench/plugins/fr.ac6.mcu.externaltools.arm-none.win32_1.17.0.201812190825/tools/compiler/bin/../lib/gcc/arm-none-eabi/7.3.1/../../../../arm-none-eabi/lib/thumb/v7e-m/fpv4-sp/hard\libc_nano.a(lib_a-nano-svfprintf.o)
 .ARM.attributes
                0x000008eb       0x34 c:/ac6/systemworkbench/plugins/fr.ac6.mcu.externaltools.arm-none.win32_1.17.0.201812190825/tools/compiler/bin/../lib/gcc/arm-none-eabi/7.3.1/../../../../arm-none-eabi/lib/thumb/v7e-m/fpv4-sp/hard\libc_nano.a(lib_a-nano-vfprintf_i.o)
 .ARM.attributes
                0x0000091f       0x20 c:/ac6/systemworkbench/plugins/fr.ac6.mcu.externaltools.arm-none.win32_1.17.0.201812190825/tools/compiler/bin/../lib/gcc/arm-none-eabi/7.3.1/../../../../arm-none-eabi/lib/thumb/v7e-m/fpv4-sp/hard\libc_nano.a(lib_a-memchr.o)
 .ARM.attributes
                0x0000093f       0x34 c:/ac6/systemworkbench/plugins/fr.ac6.mcu.externaltools.arm-none.win32_1.17.0.201812190825/tools/compiler/bin/../lib/gcc/arm-none-eabi/7.3.1/../../../../arm-none-eabi/lib/thumb/v7e-m/fpv4-sp/hard\libc_nano.a(lib_a-memcpy-stub.o)
 .ARM.attributes
                0x00000973       0x34 c:/ac6/systemworkbench/plugins/fr.ac6.mcu.externaltools.arm-none.win32_1.17.0.201812190825/tools/compiler/bin/../lib/gcc/arm-none-eabi/7.3.1/../../../../arm-none-eabi/lib/thumb/v7e-m/fpv4-sp/hard\libc_nano.a(lib_a-memmove.o)
 .ARM.attributes
                0x000009a7       0x34 c:/ac6/systemworkbench/plugins/fr.ac6.mcu.externaltools.arm-none.win32_1.17.0.201812190825/tools/compiler/bin/../lib/gcc/arm-none-eabi/7.3.1/../../../../arm-none-eabi/lib/thumb/v7e-m/fpv4-sp/hard\libc_nano.a(lib_a-nano-freer.o)
 .ARM.attributes
                0x000009db       0x34 c:/ac6/systemworkbench/plugins/fr.ac6.mcu.externaltools.arm-none.win32_1.17.0.201812190825/tools/compiler/bin/../lib/gcc/arm-none-eabi/7.3.1/../../../../arm-none-eabi/lib/thumb/v7e-m/fpv4-sp/hard\libc_nano.a(lib_a-nano-mallocr.o)
 .ARM.attributes
                0x00000a0f       0x34 c:/ac6/systemworkbench/plugins/fr.ac6.mcu.externaltools.arm-none.win32_1.17.0.201812190825/tools/compiler/bin/../lib/gcc/arm-none-eabi/7.3.1/../../../../arm-none-eabi/lib/thumb/v7e-m/fpv4-sp/hard\libc_nano.a(lib_a-nano-reallocr.o)
 .ARM.attributes
                0x00000a43       0x34 c:/ac6/systemworkbench/plugins/fr.ac6.mcu.externaltools.arm-none.win32_1.17.0.201812190825/tools/compiler/bin/../lib/gcc/arm-none-eabi/7.3.1/../../../../arm-none-eabi/lib/thumb/v7e-m/fpv4-sp/hard\libc_nano.a(lib_a-sbrkr.o)
 .ARM.attributes
                0x00000a77       0x34 c:/ac6/systemworkbench/plugins/fr.ac6.mcu.externaltools.arm-none.win32_1.17.0.201812190825/tools/compiler/bin/../lib/gcc/arm-none-eabi/7.3.1/../../../../arm-none-eabi/lib/thumb/v7e-m/fpv4-sp/hard\libc_nano.a(lib_a-mlock.o)
 .ARM.attributes
                0x00000aab       0x34 c:/ac6/systemworkbench/plugins/fr.ac6.mcu.externaltools.arm-none.win32_1.17.0.201812190825/tools/compiler/bin/../lib/gcc/arm-none-eabi/7.3.1/../../../../arm-none-eabi/lib/thumb/v7e-m/fpv4-sp/hard\libc_nano.a(lib_a-nano-msizer.o)
 .ARM.attributes
                0x00000adf       0x34 c:/ac6/systemworkbench/plugins/fr.ac6.mcu.externaltools.arm-none.win32_1.17.0.201812190825/tools/compiler/bin/../lib/gcc/arm-none-eabi/7.3.1/../../../../arm-none-eabi/lib/thumb/v7e-m/fpv4-sp/hard\libc_nano.a(lib_a-reent.o)
 .ARM.attributes
                0x00000b13       0x22 c:/ac6/systemworkbench/plugins/fr.ac6.mcu.externaltools.arm-none.win32_1.17.0.201812190825/tools/compiler/bin/../lib/gcc/arm-none-eabi/7.3.1/thumb/v7e-m/fpv4-sp/hard/crtn.o
OUTPUT(CAN_KIT_Test.elf elf32-littlearm)

.debug_info     0x00000000    0x20436
 .debug_info    0x00000000     0x10ac Core/Src/adc.o
 .debug_info    0x000010ac      0xc3c Core/Src/can.o
 .debug_info    0x00001ce8      0xb60 Core/Src/gpio.o
 .debug_info    0x00002848     0x2082 Core/Src/main.o
 .debug_info    0x000048ca      0x654 Core/Src/stm32f4xx_hal_msp.o
 .debug_info    0x00004f1e     0x1050 Core/Src/stm32f4xx_it.o
 .debug_info    0x00005f6e      0xfd3 Core/Src/syscalls.o
 .debug_info    0x00006f41      0x58d Core/Src/system_stm32f4xx.o
 .debug_info    0x000074ce     0x12d6 Core/Src/tim.o
 .debug_info    0x000087a4      0xda8 Core/Src/usart.o
 .debug_info    0x0000954c      0xa77 Core/Src/usb_otg.o
 .debug_info    0x00009fc3      0x71d Custom_Libs/Src/CAN_Application.o
 .debug_info    0x0000a6e0      0xa3f Custom_Libs/Src/CAN_Driver.o
 .debug_info    0x0000b11f      0xf00 Custom_Libs/Src/Debug.o
 .debug_info    0x0000c01f      0xa99 Drivers/STM32F4xx_HAL_Driver/Src/stm32f4xx_hal.o
 .debug_info    0x0000cab8     0x125d Drivers/STM32F4xx_HAL_Driver/Src/stm32f4xx_hal_adc.o
 .debug_info    0x0000dd15      0xe7e Drivers/STM32F4xx_HAL_Driver/Src/stm32f4xx_hal_adc_ex.o
 .debug_info    0x0000eb93     0x1592 Drivers/STM32F4xx_HAL_Driver/Src/stm32f4xx_hal_can.o
 .debug_info    0x00010125     0x126f Drivers/STM32F4xx_HAL_Driver/Src/stm32f4xx_hal_cortex.o
 .debug_info    0x00011394      0xcb0 Drivers/STM32F4xx_HAL_Driver/Src/stm32f4xx_hal_dma.o
 .debug_info    0x00012044      0x996 Drivers/STM32F4xx_HAL_Driver/Src/stm32f4xx_hal_gpio.o
 .debug_info    0x000129da     0x1923 Drivers/STM32F4xx_HAL_Driver/Src/stm32f4xx_hal_pcd.o
 .debug_info    0x000142fd      0xa14 Drivers/STM32F4xx_HAL_Driver/Src/stm32f4xx_hal_pcd_ex.o
 .debug_info    0x00014d11      0xd6e Drivers/STM32F4xx_HAL_Driver/Src/stm32f4xx_hal_rcc.o
 .debug_info    0x00015a7f      0xf6b Drivers/STM32F4xx_HAL_Driver/Src/stm32f4xx_hal_rcc_ex.o
 .debug_info    0x000169ea     0x473c Drivers/STM32F4xx_HAL_Driver/Src/stm32f4xx_hal_tim.o
 .debug_info    0x0001b126     0x1d34 Drivers/STM32F4xx_HAL_Driver/Src/stm32f4xx_hal_tim_ex.o
 .debug_info    0x0001ce5a     0x1a0b Drivers/STM32F4xx_HAL_Driver/Src/stm32f4xx_hal_uart.o
 .debug_info    0x0001e865     0x1baf Drivers/STM32F4xx_HAL_Driver/Src/stm32f4xx_ll_usb.o
 .debug_info    0x00020414       0x22 startup/startup_stm32f413xx.o

.debug_abbrev   0x00000000     0x3f5f
 .debug_abbrev  0x00000000      0x1e5 Core/Src/adc.o
 .debug_abbrev  0x000001e5      0x1e6 Core/Src/can.o
 .debug_abbrev  0x000003cb      0x17c Core/Src/gpio.o
 .debug_abbrev  0x00000547      0x2cd Core/Src/main.o
 .debug_abbrev  0x00000814      0x140 Core/Src/stm32f4xx_hal_msp.o
 .debug_abbrev  0x00000954      0x201 Core/Src/stm32f4xx_it.o
 .debug_abbrev  0x00000b55      0x2d4 Core/Src/syscalls.o
 .debug_abbrev  0x00000e29      0x12b Core/Src/system_stm32f4xx.o
 .debug_abbrev  0x00000f54      0x246 Core/Src/tim.o
 .debug_abbrev  0x0000119a      0x1d2 Core/Src/usart.o
 .debug_abbrev  0x0000136c      0x1d1 Core/Src/usb_otg.o
 .debug_abbrev  0x0000153d      0x1a7 Custom_Libs/Src/CAN_Application.o
 .debug_abbrev  0x000016e4      0x1d2 Custom_Libs/Src/CAN_Driver.o
 .debug_abbrev  0x000018b6      0x25b Custom_Libs/Src/Debug.o
 .debug_abbrev  0x00001b11      0x1ed Drivers/STM32F4xx_HAL_Driver/Src/stm32f4xx_hal.o
 .debug_abbrev  0x00001cfe      0x251 Drivers/STM32F4xx_HAL_Driver/Src/stm32f4xx_hal_adc.o
 .debug_abbrev  0x00001f4f      0x28d Drivers/STM32F4xx_HAL_Driver/Src/stm32f4xx_hal_adc_ex.o
 .debug_abbrev  0x000021dc      0x267 Drivers/STM32F4xx_HAL_Driver/Src/stm32f4xx_hal_can.o
 .debug_abbrev  0x00002443      0x343 Drivers/STM32F4xx_HAL_Driver/Src/stm32f4xx_hal_cortex.o
 .debug_abbrev  0x00002786      0x2a1 Drivers/STM32F4xx_HAL_Driver/Src/stm32f4xx_hal_dma.o
 .debug_abbrev  0x00002a27      0x21e Drivers/STM32F4xx_HAL_Driver/Src/stm32f4xx_hal_gpio.o
 .debug_abbrev  0x00002c45      0x294 Drivers/STM32F4xx_HAL_Driver/Src/stm32f4xx_hal_pcd.o
 .debug_abbrev  0x00002ed9      0x267 Drivers/STM32F4xx_HAL_Driver/Src/stm32f4xx_hal_pcd_ex.o
 .debug_abbrev  0x00003140      0x284 Drivers/STM32F4xx_HAL_Driver/Src/stm32f4xx_hal_rcc.o
 .debug_abbrev  0x000033c4      0x1e2 Drivers/STM32F4xx_HAL_Driver/Src/stm32f4xx_hal_rcc_ex.o
 .debug_abbrev  0x000035a6      0x226 Drivers/STM32F4xx_HAL_Driver/Src/stm32f4xx_hal_tim.o
 .debug_abbrev  0x000037cc      0x251 Drivers/STM32F4xx_HAL_Driver/Src/stm32f4xx_hal_tim_ex.o
 .debug_abbrev  0x00003a1d      0x288 Drivers/STM32F4xx_HAL_Driver/Src/stm32f4xx_hal_uart.o
 .debug_abbrev  0x00003ca5      0x2a8 Drivers/STM32F4xx_HAL_Driver/Src/stm32f4xx_ll_usb.o
 .debug_abbrev  0x00003f4d       0x12 startup/startup_stm32f413xx.o

.debug_loc      0x00000000     0xc7ea
 .debug_loc     0x00000000       0x74 Core/Src/adc.o
 .debug_loc     0x00000074       0x74 Core/Src/can.o
 .debug_loc     0x000000e8       0xd2 Core/Src/main.o
 .debug_loc     0x000001ba      0x3af Core/Src/syscalls.o
 .debug_loc     0x00000569      0x13e Core/Src/system_stm32f4xx.o
 .debug_loc     0x000006a7       0xc7 Core/Src/tim.o
 .debug_loc     0x0000076e       0xa6 Core/Src/usart.o
 .debug_loc     0x00000814       0x74 Core/Src/usb_otg.o
 .debug_loc     0x00000888      0x2ba Custom_Libs/Src/CAN_Driver.o
 .debug_loc     0x00000b42      0x10c Drivers/STM32F4xx_HAL_Driver/Src/stm32f4xx_hal.o
 .debug_loc     0x00000c4e      0x838 Drivers/STM32F4xx_HAL_Driver/Src/stm32f4xx_hal_adc.o
 .debug_loc     0x00001486      0x8ad Drivers/STM32F4xx_HAL_Driver/Src/stm32f4xx_hal_adc_ex.o
 .debug_loc     0x00001d33      0xcca Drivers/STM32F4xx_HAL_Driver/Src/stm32f4xx_hal_can.o
 .debug_loc     0x000029fd      0x772 Drivers/STM32F4xx_HAL_Driver/Src/stm32f4xx_hal_cortex.o
 .debug_loc     0x0000316f      0xa58 Drivers/STM32F4xx_HAL_Driver/Src/stm32f4xx_hal_dma.o
 .debug_loc     0x00003bc7      0x596 Drivers/STM32F4xx_HAL_Driver/Src/stm32f4xx_hal_gpio.o
 .debug_loc     0x0000415d      0xf15 Drivers/STM32F4xx_HAL_Driver/Src/stm32f4xx_hal_pcd.o
 .debug_loc     0x00005072      0x19c Drivers/STM32F4xx_HAL_Driver/Src/stm32f4xx_hal_pcd_ex.o
 .debug_loc     0x0000520e      0x417 Drivers/STM32F4xx_HAL_Driver/Src/stm32f4xx_hal_rcc.o
 .debug_loc     0x00005625      0x852 Drivers/STM32F4xx_HAL_Driver/Src/stm32f4xx_hal_rcc_ex.o
 .debug_loc     0x00005e77     0x2764 Drivers/STM32F4xx_HAL_Driver/Src/stm32f4xx_hal_tim.o
 .debug_loc     0x000085db      0xe8f Drivers/STM32F4xx_HAL_Driver/Src/stm32f4xx_hal_tim_ex.o
 .debug_loc     0x0000946a     0x14b6 Drivers/STM32F4xx_HAL_Driver/Src/stm32f4xx_hal_uart.o
 .debug_loc     0x0000a920     0x1eca Drivers/STM32F4xx_HAL_Driver/Src/stm32f4xx_ll_usb.o

.debug_aranges  0x00000000     0x13d0
 .debug_aranges
                0x00000000       0x30 Core/Src/adc.o
 .debug_aranges
                0x00000030       0x30 Core/Src/can.o
 .debug_aranges
                0x00000060       0x20 Core/Src/gpio.o
 .debug_aranges
                0x00000080       0x40 Core/Src/main.o
 .debug_aranges
                0x000000c0       0x20 Core/Src/stm32f4xx_hal_msp.o
 .debug_aranges
                0x000000e0       0xa8 Core/Src/stm32f4xx_it.o
 .debug_aranges
                0x00000188       0xb0 Core/Src/syscalls.o
 .debug_aranges
                0x00000238       0x28 Core/Src/system_stm32f4xx.o
 .debug_aranges
                0x00000260       0x58 Core/Src/tim.o
 .debug_aranges
                0x000002b8       0x38 Core/Src/usart.o
 .debug_aranges
                0x000002f0       0x30 Core/Src/usb_otg.o
 .debug_aranges
                0x00000320       0x20 Custom_Libs/Src/CAN_Application.o
 .debug_aranges
                0x00000340       0x38 Custom_Libs/Src/CAN_Driver.o
 .debug_aranges
                0x00000378       0x20 Custom_Libs/Src/Debug.o
 .debug_aranges
                0x00000398       0xf0 Drivers/STM32F4xx_HAL_Driver/Src/stm32f4xx_hal.o
 .debug_aranges
                0x00000488       0xe8 Drivers/STM32F4xx_HAL_Driver/Src/stm32f4xx_hal_adc.o
 .debug_aranges
                0x00000570       0x90 Drivers/STM32F4xx_HAL_Driver/Src/stm32f4xx_hal_adc_ex.o
 .debug_aranges
                0x00000600      0x138 Drivers/STM32F4xx_HAL_Driver/Src/stm32f4xx_hal_can.o
 .debug_aranges
                0x00000738       0xa8 Drivers/STM32F4xx_HAL_Driver/Src/stm32f4xx_hal_cortex.o
 .debug_aranges
                0x000007e0       0x90 Drivers/STM32F4xx_HAL_Driver/Src/stm32f4xx_hal_dma.o
 .debug_aranges
                0x00000870       0x58 Drivers/STM32F4xx_HAL_Driver/Src/stm32f4xx_hal_gpio.o
 .debug_aranges
                0x000008c8      0x138 Drivers/STM32F4xx_HAL_Driver/Src/stm32f4xx_hal_pcd.o
 .debug_aranges
                0x00000a00       0x60 Drivers/STM32F4xx_HAL_Driver/Src/stm32f4xx_hal_pcd_ex.o
 .debug_aranges
                0x00000a60       0x88 Drivers/STM32F4xx_HAL_Driver/Src/stm32f4xx_hal_rcc.o
 .debug_aranges
                0x00000ae8       0x60 Drivers/STM32F4xx_HAL_Driver/Src/stm32f4xx_hal_rcc_ex.o
 .debug_aranges
                0x00000b48      0x3a8 Drivers/STM32F4xx_HAL_Driver/Src/stm32f4xx_hal_tim.o
 .debug_aranges
                0x00000ef0      0x150 Drivers/STM32F4xx_HAL_Driver/Src/stm32f4xx_hal_tim_ex.o
 .debug_aranges
                0x00001040      0x1d0 Drivers/STM32F4xx_HAL_Driver/Src/stm32f4xx_hal_uart.o
 .debug_aranges
                0x00001210      0x198 Drivers/STM32F4xx_HAL_Driver/Src/stm32f4xx_ll_usb.o
 .debug_aranges
                0x000013a8       0x28 startup/startup_stm32f413xx.o

.debug_ranges   0x00000000     0x12b8
 .debug_ranges  0x00000000       0x20 Core/Src/adc.o
 .debug_ranges  0x00000020       0x20 Core/Src/can.o
 .debug_ranges  0x00000040       0x10 Core/Src/gpio.o
 .debug_ranges  0x00000050       0x30 Core/Src/main.o
 .debug_ranges  0x00000080       0x10 Core/Src/stm32f4xx_hal_msp.o
 .debug_ranges  0x00000090       0x98 Core/Src/stm32f4xx_it.o
 .debug_ranges  0x00000128       0xa0 Core/Src/syscalls.o
 .debug_ranges  0x000001c8       0x18 Core/Src/system_stm32f4xx.o
 .debug_ranges  0x000001e0       0x48 Core/Src/tim.o
 .debug_ranges  0x00000228       0x28 Core/Src/usart.o
 .debug_ranges  0x00000250       0x20 Core/Src/usb_otg.o
 .debug_ranges  0x00000270       0x10 Custom_Libs/Src/CAN_Application.o
 .debug_ranges  0x00000280       0x28 Custom_Libs/Src/CAN_Driver.o
 .debug_ranges  0x000002a8       0x10 Custom_Libs/Src/Debug.o
 .debug_ranges  0x000002b8       0xe0 Drivers/STM32F4xx_HAL_Driver/Src/stm32f4xx_hal.o
 .debug_ranges  0x00000398       0xd8 Drivers/STM32F4xx_HAL_Driver/Src/stm32f4xx_hal_adc.o
 .debug_ranges  0x00000470       0x80 Drivers/STM32F4xx_HAL_Driver/Src/stm32f4xx_hal_adc_ex.o
 .debug_ranges  0x000004f0      0x128 Drivers/STM32F4xx_HAL_Driver/Src/stm32f4xx_hal_can.o
 .debug_ranges  0x00000618      0x128 Drivers/STM32F4xx_HAL_Driver/Src/stm32f4xx_hal_cortex.o
 .debug_ranges  0x00000740       0x80 Drivers/STM32F4xx_HAL_Driver/Src/stm32f4xx_hal_dma.o
 .debug_ranges  0x000007c0       0x48 Drivers/STM32F4xx_HAL_Driver/Src/stm32f4xx_hal_gpio.o
 .debug_ranges  0x00000808      0x128 Drivers/STM32F4xx_HAL_Driver/Src/stm32f4xx_hal_pcd.o
 .debug_ranges  0x00000930       0x50 Drivers/STM32F4xx_HAL_Driver/Src/stm32f4xx_hal_pcd_ex.o
 .debug_ranges  0x00000980       0x90 Drivers/STM32F4xx_HAL_Driver/Src/stm32f4xx_hal_rcc.o
 .debug_ranges  0x00000a10       0x68 Drivers/STM32F4xx_HAL_Driver/Src/stm32f4xx_hal_rcc_ex.o
 .debug_ranges  0x00000a78      0x398 Drivers/STM32F4xx_HAL_Driver/Src/stm32f4xx_hal_tim.o
 .debug_ranges  0x00000e10      0x140 Drivers/STM32F4xx_HAL_Driver/Src/stm32f4xx_hal_tim_ex.o
 .debug_ranges  0x00000f50      0x1c0 Drivers/STM32F4xx_HAL_Driver/Src/stm32f4xx_hal_uart.o
 .debug_ranges  0x00001110      0x188 Drivers/STM32F4xx_HAL_Driver/Src/stm32f4xx_ll_usb.o
 .debug_ranges  0x00001298       0x20 startup/startup_stm32f413xx.o

.debug_macro    0x00000000    0x25065
 .debug_macro   0x00000000      0x22e Core/Src/adc.o
 .debug_macro   0x0000022e      0xa54 Core/Src/adc.o
 .debug_macro   0x00000c82      0x2ad Core/Src/adc.o
 .debug_macro   0x00000f2f       0x2e Core/Src/adc.o
 .debug_macro   0x00000f5d       0x28 Core/Src/adc.o
 .debug_macro   0x00000f85       0x22 Core/Src/adc.o
 .debug_macro   0x00000fa7       0x8e Core/Src/adc.o
 .debug_macro   0x00001035       0x51 Core/Src/adc.o
 .debug_macro   0x00001086       0xef Core/Src/adc.o
 .debug_macro   0x00001175       0x6a Core/Src/adc.o
 .debug_macro   0x000011df      0x1df Core/Src/adc.o
 .debug_macro   0x000013be       0x1c Core/Src/adc.o
 .debug_macro   0x000013da       0x22 Core/Src/adc.o
 .debug_macro   0x000013fc       0xdf Core/Src/adc.o
 .debug_macro   0x000014db     0x102d Core/Src/adc.o
 .debug_macro   0x00002508      0x11f Core/Src/adc.o
 .debug_macro   0x00002627    0x15a6f Core/Src/adc.o
 .debug_macro   0x00018096       0x43 Core/Src/adc.o
 .debug_macro   0x000180d9     0x3659 Core/Src/adc.o
 .debug_macro   0x0001b732      0x174 Core/Src/adc.o
 .debug_macro   0x0001b8a6       0x5a Core/Src/adc.o
 .debug_macro   0x0001b900      0xcdd Core/Src/adc.o
 .debug_macro   0x0001c5dd      0x9fe Core/Src/adc.o
 .debug_macro   0x0001cfdb      0x117 Core/Src/adc.o
 .debug_macro   0x0001d0f2      0x202 Core/Src/adc.o
 .debug_macro   0x0001d2f4       0x27 Core/Src/adc.o
 .debug_macro   0x0001d31b      0x173 Core/Src/adc.o
 .debug_macro   0x0001d48e      0x2bf Core/Src/adc.o
 .debug_macro   0x0001d74d       0x5f Core/Src/adc.o
 .debug_macro   0x0001d7ac      0x236 Core/Src/adc.o
 .debug_macro   0x0001d9e2      0x391 Core/Src/adc.o
 .debug_macro   0x0001dd73      0x17d Core/Src/adc.o
 .debug_macro   0x0001def0       0xf9 Core/Src/adc.o
 .debug_macro   0x0001dfe9      0x40f Core/Src/adc.o
 .debug_macro   0x0001e3f8      0x132 Core/Src/adc.o
 .debug_macro   0x0001e52a      0x30c Core/Src/adc.o
 .debug_macro   0x0001e836       0x2e Core/Src/adc.o
 .debug_macro   0x0001e864      0x11a Core/Src/adc.o
 .debug_macro   0x0001e97e       0x91 Core/Src/adc.o
 .debug_macro   0x0001ea0f       0x89 Core/Src/adc.o
 .debug_macro   0x0001ea98      0x8a0 Core/Src/adc.o
 .debug_macro   0x0001f338       0x71 Core/Src/adc.o
 .debug_macro   0x0001f3a9      0x287 Core/Src/adc.o
 .debug_macro   0x0001f630      0x21e Core/Src/adc.o
 .debug_macro   0x0001f84e       0xba Core/Src/adc.o
 .debug_macro   0x0001f908      0x134 Core/Src/adc.o
 .debug_macro   0x0001fa3c      0x17e Core/Src/adc.o
 .debug_macro   0x0001fbba      0x22e Core/Src/can.o
 .debug_macro   0x0001fde8      0x22e Core/Src/gpio.o
 .debug_macro   0x00020016      0x291 Core/Src/main.o
 .debug_macro   0x000202a7       0x3a Core/Src/main.o
 .debug_macro   0x000202e1      0x224 Core/Src/stm32f4xx_hal_msp.o
 .debug_macro   0x00020505      0x22e Core/Src/stm32f4xx_it.o
 .debug_macro   0x00020733      0x243 Core/Src/syscalls.o
 .debug_macro   0x00020976       0x58 Core/Src/syscalls.o
 .debug_macro   0x000209ce       0x18 Core/Src/syscalls.o
 .debug_macro   0x000209e6       0x94 Core/Src/syscalls.o
 .debug_macro   0x00020a7a       0x35 Core/Src/syscalls.o
 .debug_macro   0x00020aaf       0x34 Core/Src/syscalls.o
 .debug_macro   0x00020ae3       0x57 Core/Src/syscalls.o
 .debug_macro   0x00020b3a      0x330 Core/Src/syscalls.o
 .debug_macro   0x00020e6a       0x58 Core/Src/syscalls.o
 .debug_macro   0x00020ec2       0x1f Core/Src/syscalls.o
 .debug_macro   0x00020ee1       0x43 Core/Src/syscalls.o
 .debug_macro   0x00020f24       0x20 Core/Src/syscalls.o
 .debug_macro   0x00020f44      0x18e Core/Src/syscalls.o
 .debug_macro   0x000210d2       0x10 Core/Src/syscalls.o
 .debug_macro   0x000210e2       0x35 Core/Src/syscalls.o
 .debug_macro   0x00021117       0x10 Core/Src/syscalls.o
 .debug_macro   0x00021127       0x10 Core/Src/syscalls.o
 .debug_macro   0x00021137       0x10 Core/Src/syscalls.o
 .debug_macro   0x00021147       0x1c Core/Src/syscalls.o
 .debug_macro   0x00021163       0x52 Core/Src/syscalls.o
 .debug_macro   0x000211b5       0x40 Core/Src/syscalls.o
 .debug_macro   0x000211f5       0x10 Core/Src/syscalls.o
 .debug_macro   0x00021205       0x40 Core/Src/syscalls.o
 .debug_macro   0x00021245       0xd7 Core/Src/syscalls.o
 .debug_macro   0x0002131c       0x1c Core/Src/syscalls.o
 .debug_macro   0x00021338       0x3d Core/Src/syscalls.o
 .debug_macro   0x00021375       0x35 Core/Src/syscalls.o
 .debug_macro   0x000213aa      0x122 Core/Src/syscalls.o
 .debug_macro   0x000214cc       0x16 Core/Src/syscalls.o
 .debug_macro   0x000214e2       0x16 Core/Src/syscalls.o
 .debug_macro   0x000214f8       0x29 Core/Src/syscalls.o
 .debug_macro   0x00021521       0x10 Core/Src/syscalls.o
 .debug_macro   0x00021531      0x241 Core/Src/syscalls.o
 .debug_macro   0x00021772       0x1c Core/Src/syscalls.o
 .debug_macro   0x0002178e       0x10 Core/Src/syscalls.o
 .debug_macro   0x0002179e       0x10 Core/Src/syscalls.o
 .debug_macro   0x000217ae       0x16 Core/Src/syscalls.o
 .debug_macro   0x000217c4      0x16f Core/Src/syscalls.o
 .debug_macro   0x00021933      0x189 Core/Src/syscalls.o
 .debug_macro   0x00021abc       0x16 Core/Src/syscalls.o
 .debug_macro   0x00021ad2       0x88 Core/Src/syscalls.o
 .debug_macro   0x00021b5a      0x21b Core/Src/system_stm32f4xx.o
 .debug_macro   0x00021d75      0x22e Core/Src/tim.o
 .debug_macro   0x00021fa3      0x22e Core/Src/usart.o
 .debug_macro   0x000221d1      0x22e Core/Src/usb_otg.o
 .debug_macro   0x000223ff      0x255 Custom_Libs/Src/CAN_Application.o
 .debug_macro   0x00022654      0x255 Custom_Libs/Src/CAN_Driver.o
 .debug_macro   0x000228a9      0x3c6 Custom_Libs/Src/Debug.o
 .debug_macro   0x00022c6f       0x5e Custom_Libs/Src/Debug.o
 .debug_macro   0x00022ccd      0x32a Custom_Libs/Src/Debug.o
 .debug_macro   0x00022ff7       0x10 Custom_Libs/Src/Debug.o
 .debug_macro   0x00023007       0x4c Custom_Libs/Src/Debug.o
 .debug_macro   0x00023053      0x275 Drivers/STM32F4xx_HAL_Driver/Src/stm32f4xx_hal.o
 .debug_macro   0x000232c8      0x216 Drivers/STM32F4xx_HAL_Driver/Src/stm32f4xx_hal_adc.o
 .debug_macro   0x000234de      0x215 Drivers/STM32F4xx_HAL_Driver/Src/stm32f4xx_hal_adc_ex.o
 .debug_macro   0x000236f3      0x21d Drivers/STM32F4xx_HAL_Driver/Src/stm32f4xx_hal_can.o
 .debug_macro   0x00023910      0x215 Drivers/STM32F4xx_HAL_Driver/Src/stm32f4xx_hal_cortex.o
 .debug_macro   0x00023b25      0x21b Drivers/STM32F4xx_HAL_Driver/Src/stm32f4xx_hal_dma.o
 .debug_macro   0x00023d40      0x24b Drivers/STM32F4xx_HAL_Driver/Src/stm32f4xx_hal_gpio.o
 .debug_macro   0x00023f8b      0x221 Drivers/STM32F4xx_HAL_Driver/Src/stm32f4xx_hal_pcd.o
 .debug_macro   0x000241ac      0x215 Drivers/STM32F4xx_HAL_Driver/Src/stm32f4xx_hal_pcd_ex.o
 .debug_macro   0x000243c1      0x239 Drivers/STM32F4xx_HAL_Driver/Src/stm32f4xx_hal_rcc.o
 .debug_macro   0x000245fa      0x215 Drivers/STM32F4xx_HAL_Driver/Src/stm32f4xx_hal_rcc_ex.o
 .debug_macro   0x0002480f      0x216 Drivers/STM32F4xx_HAL_Driver/Src/stm32f4xx_hal_tim.o
 .debug_macro   0x00024a25      0x215 Drivers/STM32F4xx_HAL_Driver/Src/stm32f4xx_hal_tim_ex.o
 .debug_macro   0x00024c3a      0x216 Drivers/STM32F4xx_HAL_Driver/Src/stm32f4xx_hal_uart.o
 .debug_macro   0x00024e50      0x215 Drivers/STM32F4xx_HAL_Driver/Src/stm32f4xx_ll_usb.o

.debug_line     0x00000000    0x15d7e
 .debug_line    0x00000000      0x81a Core/Src/adc.o
 .debug_line    0x0000081a      0x7ca Core/Src/can.o
 .debug_line    0x00000fe4      0x7e6 Core/Src/gpio.o
 .debug_line    0x000017ca      0x906 Core/Src/main.o
 .debug_line    0x000020d0      0x78b Core/Src/stm32f4xx_hal_msp.o
 .debug_line    0x0000285b      0x8ba Core/Src/stm32f4xx_it.o
 .debug_line    0x00003115      0x5d6 Core/Src/syscalls.o
 .debug_line    0x000036eb      0x7aa Core/Src/system_stm32f4xx.o
 .debug_line    0x00003e95      0x8a3 Core/Src/tim.o
 .debug_line    0x00004738      0x7fa Core/Src/usart.o
 .debug_line    0x00004f32      0x7d4 Core/Src/usb_otg.o
 .debug_line    0x00005706      0x811 Custom_Libs/Src/CAN_Application.o
 .debug_line    0x00005f17      0x876 Custom_Libs/Src/CAN_Driver.o
 .debug_line    0x0000678d      0x938 Custom_Libs/Src/Debug.o
 .debug_line    0x000070c5      0x999 Drivers/STM32F4xx_HAL_Driver/Src/stm32f4xx_hal.o
 .debug_line    0x00007a5e      0xe3c Drivers/STM32F4xx_HAL_Driver/Src/stm32f4xx_hal_adc.o
 .debug_line    0x0000889a      0xc57 Drivers/STM32F4xx_HAL_Driver/Src/stm32f4xx_hal_adc_ex.o
 .debug_line    0x000094f1      0xe2a Drivers/STM32F4xx_HAL_Driver/Src/stm32f4xx_hal_can.o
 .debug_line    0x0000a31b      0xa85 Drivers/STM32F4xx_HAL_Driver/Src/stm32f4xx_hal_cortex.o
 .debug_line    0x0000ada0      0xc6d Drivers/STM32F4xx_HAL_Driver/Src/stm32f4xx_hal_dma.o
 .debug_line    0x0000ba0d      0x9ee Drivers/STM32F4xx_HAL_Driver/Src/stm32f4xx_hal_gpio.o
 .debug_line    0x0000c3fb      0xda4 Drivers/STM32F4xx_HAL_Driver/Src/stm32f4xx_hal_pcd.o
 .debug_line    0x0000d19f      0x871 Drivers/STM32F4xx_HAL_Driver/Src/stm32f4xx_hal_pcd_ex.o
 .debug_line    0x0000da10      0xb62 Drivers/STM32F4xx_HAL_Driver/Src/stm32f4xx_hal_rcc.o
 .debug_line    0x0000e572      0xd37 Drivers/STM32F4xx_HAL_Driver/Src/stm32f4xx_hal_rcc_ex.o
 .debug_line    0x0000f2a9     0x35d4 Drivers/STM32F4xx_HAL_Driver/Src/stm32f4xx_hal_tim.o
 .debug_line    0x0001287d     0x12da Drivers/STM32F4xx_HAL_Driver/Src/stm32f4xx_hal_tim_ex.o
 .debug_line    0x00013b57     0x134f Drivers/STM32F4xx_HAL_Driver/Src/stm32f4xx_hal_uart.o
 .debug_line    0x00014ea6      0xe5a Drivers/STM32F4xx_HAL_Driver/Src/stm32f4xx_ll_usb.o
 .debug_line    0x00015d00       0x7e startup/startup_stm32f413xx.o

.debug_str      0x00000000    0xd7fd6
 .debug_str     0x00000000    0xcdc27 Core/Src/adc.o
                              0xce000 (size before relaxing)
 .debug_str     0x000cdc27      0x25e Core/Src/can.o
                              0xcdd25 (size before relaxing)
 .debug_str     0x000cde85       0x5a Core/Src/gpio.o
                              0xcda65 (size before relaxing)
 .debug_str     0x000cdedf      0xc6b Core/Src/main.o
                              0xce7e5 (size before relaxing)
 .debug_str     0x000ceb4a       0x2c Core/Src/stm32f4xx_hal_msp.o
                              0xcd9a8 (size before relaxing)
 .debug_str     0x000ceb76      0x1be Core/Src/stm32f4xx_it.o
                              0xcde2b (size before relaxing)
 .debug_str     0x000ced34     0x4f77 Core/Src/syscalls.o
                               0x85a9 (size before relaxing)
 .debug_str     0x000d3cab       0xc4 Core/Src/system_stm32f4xx.o
                              0xccdcd (size before relaxing)
 .debug_str     0x000d3d6f      0x2eb Core/Src/tim.o
                              0xce1d8 (size before relaxing)
 .debug_str     0x000d405a       0x51 Core/Src/usart.o
                              0xcdeea (size before relaxing)
 .debug_str     0x000d40ab       0x4f Core/Src/usb_otg.o
                              0xcd8d1 (size before relaxing)
 .debug_str     0x000d40fa       0x8c Custom_Libs/Src/CAN_Application.o
                              0xcd71e (size before relaxing)
 .debug_str     0x000d4186      0x236 Custom_Libs/Src/CAN_Driver.o
                              0xcd94b (size before relaxing)
 .debug_str     0x000d43bc      0x12a Custom_Libs/Src/Debug.o
                              0xd15ff (size before relaxing)
 .debug_str     0x000d44e6      0x599 Drivers/STM32F4xx_HAL_Driver/Src/stm32f4xx_hal.o
                              0xcd99f (size before relaxing)
 .debug_str     0x000d4a7f      0x26f Drivers/STM32F4xx_HAL_Driver/Src/stm32f4xx_hal_adc.o
                              0xcd39c (size before relaxing)
 .debug_str     0x000d4cee      0x1de Drivers/STM32F4xx_HAL_Driver/Src/stm32f4xx_hal_adc_ex.o
                              0xcd3ff (size before relaxing)
 .debug_str     0x000d4ecc      0x3be Drivers/STM32F4xx_HAL_Driver/Src/stm32f4xx_hal_can.o
                              0xcd4ba (size before relaxing)
 .debug_str     0x000d528a      0x326 Drivers/STM32F4xx_HAL_Driver/Src/stm32f4xx_hal_cortex.o
                              0xcd739 (size before relaxing)
 .debug_str     0x000d55b0      0x2f6 Drivers/STM32F4xx_HAL_Driver/Src/stm32f4xx_hal_dma.o
                              0xcd1d8 (size before relaxing)
 .debug_str     0x000d58a6      0x19b Drivers/STM32F4xx_HAL_Driver/Src/stm32f4xx_hal_gpio.o
                              0xcd029 (size before relaxing)
 .debug_str     0x000d5a41      0x7cc Drivers/STM32F4xx_HAL_Driver/Src/stm32f4xx_hal_pcd.o
                              0xcd85a (size before relaxing)
 .debug_str     0x000d620d      0x187 Drivers/STM32F4xx_HAL_Driver/Src/stm32f4xx_hal_pcd_ex.o
                              0xcd21a (size before relaxing)
 .debug_str     0x000d6394      0x21f Drivers/STM32F4xx_HAL_Driver/Src/stm32f4xx_hal_rcc.o
                              0xcd1f4 (size before relaxing)
 .debug_str     0x000d65b3      0x124 Drivers/STM32F4xx_HAL_Driver/Src/stm32f4xx_hal_rcc_ex.o
                              0xcd18a (size before relaxing)
 .debug_str     0x000d66d7      0xc07 Drivers/STM32F4xx_HAL_Driver/Src/stm32f4xx_hal_tim.o
                              0xcdf16 (size before relaxing)
 .debug_str     0x000d72de      0x3c0 Drivers/STM32F4xx_HAL_Driver/Src/stm32f4xx_hal_tim_ex.o
                              0xcd863 (size before relaxing)
 .debug_str     0x000d769e      0x4e3 Drivers/STM32F4xx_HAL_Driver/Src/stm32f4xx_hal_uart.o
                              0xcd67a (size before relaxing)
 .debug_str     0x000d7b81      0x426 Drivers/STM32F4xx_HAL_Driver/Src/stm32f4xx_ll_usb.o
                              0xcd6c0 (size before relaxing)
 .debug_str     0x000d7fa7       0x2f startup/startup_stm32f413xx.o
                                 0x69 (size before relaxing)

.comment        0x00000000       0x7f
 .comment       0x00000000       0x7f Core/Src/adc.o
                                 0x80 (size before relaxing)
 .comment       0x0000007f       0x80 Core/Src/can.o
 .comment       0x0000007f       0x80 Core/Src/gpio.o
 .comment       0x0000007f       0x80 Core/Src/main.o
 .comment       0x0000007f       0x80 Core/Src/stm32f4xx_hal_msp.o
 .comment       0x0000007f       0x80 Core/Src/stm32f4xx_it.o
 .comment       0x0000007f       0x80 Core/Src/syscalls.o
 .comment       0x0000007f       0x80 Core/Src/system_stm32f4xx.o
 .comment       0x0000007f       0x80 Core/Src/tim.o
 .comment       0x0000007f       0x80 Core/Src/usart.o
 .comment       0x0000007f       0x80 Core/Src/usb_otg.o
 .comment       0x0000007f       0x80 Custom_Libs/Src/CAN_Application.o
 .comment       0x0000007f       0x80 Custom_Libs/Src/CAN_Driver.o
 .comment       0x0000007f       0x80 Custom_Libs/Src/Debug.o
 .comment       0x0000007f       0x80 Drivers/STM32F4xx_HAL_Driver/Src/stm32f4xx_hal.o
 .comment       0x0000007f       0x80 Drivers/STM32F4xx_HAL_Driver/Src/stm32f4xx_hal_adc.o
 .comment       0x0000007f       0x80 Drivers/STM32F4xx_HAL_Driver/Src/stm32f4xx_hal_adc_ex.o
 .comment       0x0000007f       0x80 Drivers/STM32F4xx_HAL_Driver/Src/stm32f4xx_hal_can.o
 .comment       0x0000007f       0x80 Drivers/STM32F4xx_HAL_Driver/Src/stm32f4xx_hal_cortex.o
 .comment       0x0000007f       0x80 Drivers/STM32F4xx_HAL_Driver/Src/stm32f4xx_hal_dma.o
 .comment       0x0000007f       0x80 Drivers/STM32F4xx_HAL_Driver/Src/stm32f4xx_hal_gpio.o
 .comment       0x0000007f       0x80 Drivers/STM32F4xx_HAL_Driver/Src/stm32f4xx_hal_pcd.o
 .comment       0x0000007f       0x80 Drivers/STM32F4xx_HAL_Driver/Src/stm32f4xx_hal_pcd_ex.o
 .comment       0x0000007f       0x80 Drivers/STM32F4xx_HAL_Driver/Src/stm32f4xx_hal_rcc.o
 .comment       0x0000007f       0x80 Drivers/STM32F4xx_HAL_Driver/Src/stm32f4xx_hal_rcc_ex.o
 .comment       0x0000007f       0x80 Drivers/STM32F4xx_HAL_Driver/Src/stm32f4xx_hal_tim.o
 .comment       0x0000007f       0x80 Drivers/STM32F4xx_HAL_Driver/Src/stm32f4xx_hal_tim_ex.o
 .comment       0x0000007f       0x80 Drivers/STM32F4xx_HAL_Driver/Src/stm32f4xx_hal_uart.o
 .comment       0x0000007f       0x80 Drivers/STM32F4xx_HAL_Driver/Src/stm32f4xx_ll_usb.o

.debug_frame    0x00000000     0x38ec
 .debug_frame   0x00000000       0x6c Core/Src/adc.o
 .debug_frame   0x0000006c       0x60 Core/Src/can.o
 .debug_frame   0x000000cc       0x40 Core/Src/gpio.o
 .debug_frame   0x0000010c       0x90 Core/Src/main.o
 .debug_frame   0x0000019c       0x2c Core/Src/stm32f4xx_hal_msp.o
 .debug_frame   0x000001c8      0x178 Core/Src/stm32f4xx_it.o
 .debug_frame   0x00000340      0x1a8 Core/Src/syscalls.o
 .debug_frame   0x000004e8       0x30 Core/Src/system_stm32f4xx.o
 .debug_frame   0x00000518       0xf4 Core/Src/tim.o
 .debug_frame   0x0000060c       0x78 Core/Src/usart.o
 .debug_frame   0x00000684       0x64 Core/Src/usb_otg.o
 .debug_frame   0x000006e8       0x30 Custom_Libs/Src/CAN_Application.o
 .debug_frame   0x00000718       0x80 Custom_Libs/Src/CAN_Driver.o
 .debug_frame   0x00000798       0x44 Custom_Libs/Src/Debug.o
 .debug_frame   0x000007dc      0x1f0 Drivers/STM32F4xx_HAL_Driver/Src/stm32f4xx_hal.o
 .debug_frame   0x000009cc      0x2a0 Drivers/STM32F4xx_HAL_Driver/Src/stm32f4xx_hal_adc.o
 .debug_frame   0x00000c6c      0x198 Drivers/STM32F4xx_HAL_Driver/Src/stm32f4xx_hal_adc_ex.o
 .debug_frame   0x00000e04      0x324 Drivers/STM32F4xx_HAL_Driver/Src/stm32f4xx_hal_can.o
 .debug_frame   0x00001128      0x19c Drivers/STM32F4xx_HAL_Driver/Src/stm32f4xx_hal_cortex.o
 .debug_frame   0x000012c4      0x190 Drivers/STM32F4xx_HAL_Driver/Src/stm32f4xx_hal_dma.o